Component: ARM Compiler 5.06 update 7 (build 960) Tool: armlink [4d3601]

==============================================================================

Image Symbol Table

    Local Symbols

    Symbol Name                              Value     Ov Type        Size  Object(Section)

    RESET                                    0x00000000   Section      192  startup_hc32l021.o(RESET)
    ../clib/microlib/division.c              0x00000000   Number         0  uidiv.o ABSOLUTE
    ../clib/microlib/init/entry.s            0x00000000   Number         0  entry5.o ABSOLUTE
    ../clib/microlib/init/entry.s            0x00000000   Number         0  entry12b.o ABSOLUTE
    ../clib/microlib/init/entry.s            0x00000000   Number         0  entry2.o ABSOLUTE
    ../clib/microlib/init/entry.s            0x00000000   Number         0  entry7a.o ABSOLUTE
    ../clib/microlib/init/entry.s            0x00000000   Number         0  entry8a.o ABSOLUTE
    ../clib/microlib/init/entry.s            0x00000000   Number         0  entry7b.o ABSOLUTE
    ../clib/microlib/init/entry.s            0x00000000   Number         0  entry8b.o ABSOLUTE
    ../clib/microlib/init/entry.s            0x00000000   Number         0  entry.o ABSOLUTE
    ../clib/microlib/init/entry.s            0x00000000   Number         0  entry9a.o ABSOLUTE
    ../clib/microlib/init/entry.s            0x00000000   Number         0  entry9b.o ABSOLUTE
    ../clib/microlib/init/entry.s            0x00000000   Number         0  entry10a.o ABSOLUTE
    ../clib/microlib/init/entry.s            0x00000000   Number         0  entry10b.o ABSOLUTE
    ../clib/microlib/init/entry.s            0x00000000   Number         0  entry12a.o ABSOLUTE
    ../clib/microlib/init/entry.s            0x00000000   Number         0  entry11a.o ABSOLUTE
    ../clib/microlib/init/entry.s            0x00000000   Number         0  entry11b.o ABSOLUTE
    ../clib/microlib/longlong.c              0x00000000   Number         0  llushr.o ABSOLUTE
    ../clib/microlib/longlong.c              0x00000000   Number         0  llshl.o ABSOLUTE
    ../clib/microlib/string/memcpy.c         0x00000000   Number         0  memcpyb.o ABSOLUTE
    ../clib/microlib/string/memcpy.c         0x00000000   Number         0  memcpya.o ABSOLUTE
    ../clib/microlib/string/memset.c         0x00000000   Number         0  memseta.o ABSOLUTE
    ../clib/microlib/stubs.s                 0x00000000   Number         0  iusefp.o ABSOLUTE
    ../fplib/microlib/d2f.c                  0x00000000   Number         0  d2f.o ABSOLUTE
    ../fplib/microlib/fpdiv.c                0x00000000   Number         0  ddiv.o ABSOLUTE
    ../fplib/microlib/fpepilogue.c           0x00000000   Number         0  depilogue.o ABSOLUTE
    ../fplib/microlib/fpepilogue.c           0x00000000   Number         0  fepilogue.o ABSOLUTE
    ../fplib/microlib/fpflt.c                0x00000000   Number         0  dfltui.o ABSOLUTE
    ../fplib/microlib/fpmul.c                0x00000000   Number         0  dmul.o ABSOLUTE
    ..\..\..\..\driver\src\adc.c             0x00000000   Number         0  adc.o ABSOLUTE
    ..\..\..\..\driver\src\ctrim.c           0x00000000   Number         0  ctrim.o ABSOLUTE
    ..\..\..\..\driver\src\ddl.c             0x00000000   Number         0  ddl.o ABSOLUTE
    ..\..\..\..\driver\src\gpio.c            0x00000000   Number         0  gpio.o ABSOLUTE
    ..\..\..\..\driver\src\sysctrl.c         0x00000000   Number         0  sysctrl.o ABSOLUTE
    ..\..\..\..\mcu\common\board_stkhc32l021.c 0x00000000   Number         0  board_stkhc32l021.o ABSOLUTE
    ..\..\..\..\mcu\common\interrupts_hc32l021.c 0x00000000   Number         0  interrupts_hc32l021.o ABSOLUTE
    ..\..\..\..\mcu\common\system_hc32l021.c 0x00000000   Number         0  system_hc32l021.o ABSOLUTE
    ..\\..\\..\\..\\driver\\src\\adc.c       0x00000000   Number         0  adc.o ABSOLUTE
    ..\\..\\..\\..\\driver\\src\\ctrim.c     0x00000000   Number         0  ctrim.o ABSOLUTE
    ..\\..\\..\\..\\driver\\src\\ddl.c       0x00000000   Number         0  ddl.o ABSOLUTE
    ..\\..\\..\\..\\driver\\src\\gpio.c      0x00000000   Number         0  gpio.o ABSOLUTE
    ..\\..\\..\\..\\driver\\src\\sysctrl.c   0x00000000   Number         0  sysctrl.o ABSOLUTE
    ..\\..\\..\\..\\mcu\\common\\board_stkhc32l021.c 0x00000000   Number         0  board_stkhc32l021.o ABSOLUTE
    ..\\..\\..\\..\\mcu\\common\\interrupts_hc32l021.c 0x00000000   Number         0  interrupts_hc32l021.o ABSOLUTE
    ..\\..\\..\\..\\mcu\\common\\system_hc32l021.c 0x00000000   Number         0  system_hc32l021.o ABSOLUTE
    ..\\source\\main.c                       0x00000000   Number         0  main.o ABSOLUTE
    ..\\source\\myiic.c                      0x00000000   Number         0  myiic.o ABSOLUTE
    ..\source\main.c                         0x00000000   Number         0  main.o ABSOLUTE
    ..\source\myiic.c                        0x00000000   Number         0  myiic.o ABSOLUTE
    dc.s                                     0x00000000   Number         0  dc.o ABSOLUTE
    handlers.s                               0x00000000   Number         0  handlers.o ABSOLUTE
    init.s                                   0x00000000   Number         0  init.o ABSOLUTE
    startup_hc32l021.s                       0x00000000   Number         0  startup_hc32l021.o ABSOLUTE
    .ARM.Collect$$$$00000000                 0x000000c0   Section        0  entry.o(.ARM.Collect$$$$00000000)
    .ARM.Collect$$$$00000001                 0x000000c0   Section        4  entry2.o(.ARM.Collect$$$$00000001)
    .ARM.Collect$$$$00000004                 0x000000c4   Section        4  entry5.o(.ARM.Collect$$$$00000004)
    .ARM.Collect$$$$00000008                 0x000000c8   Section        0  entry7b.o(.ARM.Collect$$$$00000008)
    .ARM.Collect$$$$0000000A                 0x000000c8   Section        0  entry8b.o(.ARM.Collect$$$$0000000A)
    .ARM.Collect$$$$0000000B                 0x000000c8   Section        8  entry9a.o(.ARM.Collect$$$$0000000B)
    .ARM.Collect$$$$0000000E                 0x000000d0   Section        4  entry12b.o(.ARM.Collect$$$$0000000E)
    .ARM.Collect$$$$0000000F                 0x000000d4   Section        0  entry10a.o(.ARM.Collect$$$$0000000F)
    .ARM.Collect$$$$00000011                 0x000000d4   Section        0  entry11a.o(.ARM.Collect$$$$00000011)
    .ARM.Collect$$$$00002712                 0x000000d4   Section        4  entry2.o(.ARM.Collect$$$$00002712)
    __lit__00000000                          0x000000d4   Data           4  entry2.o(.ARM.Collect$$$$00002712)
    .text                                    0x000000d8   Section       60  startup_hc32l021.o(.text)
    .text                                    0x00000114   Section        0  uidiv.o(.text)
    .text                                    0x00000140   Section        0  memseta.o(.text)
    .text                                    0x00000164   Section        0  dmul.o(.text)
    .text                                    0x00000234   Section        0  ddiv.o(.text)
    .text                                    0x00000324   Section        0  dfltui.o(.text)
    .text                                    0x00000340   Section        0  d2f.o(.text)
    .text                                    0x00000378   Section        0  iusefp.o(.text)
    .text                                    0x00000378   Section        0  fepilogue.o(.text)
    .text                                    0x000003fa   Section        0  depilogue.o(.text)
    .text                                    0x000004b8   Section       36  init.o(.text)
    .text                                    0x000004dc   Section        0  llshl.o(.text)
    .text                                    0x000004fc   Section        0  llushr.o(.text)
    i.$Sub$$main                             0x0000051e   Section        0  system_hc32l021.o(i.$Sub$$main)
    i.ADC_ConfigSqrCh                        0x0000052c   Section        0  adc.o(i.ADC_ConfigSqrCh)
    i.ADC_Enable                             0x000005b4   Section        0  adc.o(i.ADC_Enable)
    i.ADC_ExternTrigEnable                   0x000005d0   Section        0  adc.o(i.ADC_ExternTrigEnable)
    i.ADC_IRQHandler                         0x000005e4   Section        0  interrupts_hc32l021.o(i.ADC_IRQHandler)
    i.ADC_IntEnable                          0x000005ec   Section        0  adc.o(i.ADC_IntEnable)
    i.ADC_IntFlagClear                       0x00000600   Section        0  adc.o(i.ADC_IntFlagClear)
    i.ADC_IntFlagGet                         0x00000610   Section        0  adc.o(i.ADC_IntFlagGet)
    i.ADC_SqrInit                            0x00000628   Section        0  adc.o(i.ADC_SqrInit)
    i.ADC_SqrResultGet                       0x00000688   Section        0  adc.o(i.ADC_SqrResultGet)
    i.ADC_SqrStcInit                         0x00000698   Section        0  adc.o(i.ADC_SqrStcInit)
    i.ATIM3_IRQHandler                       0x000006b2   Section        0  interrupts_hc32l021.o(i.ATIM3_IRQHandler)
    i.AdcConfig                              0x000006bc   Section        0  main.o(i.AdcConfig)
    AdcConfig                                0x000006bd   Thumb Code   122  main.o(i.AdcConfig)
    i.Adc_IRQHandler                         0x0000073c   Section        0  interrupts_hc32l021.o(i.Adc_IRQHandler)
    i.Atim3_IRQHandler                       0x0000073e   Section        0  interrupts_hc32l021.o(i.Atim3_IRQHandler)
    i.CTIM0_IRQHandler                       0x00000740   Section        0  interrupts_hc32l021.o(i.CTIM0_IRQHandler)
    i.CTIM1_IRQHandler                       0x00000748   Section        0  interrupts_hc32l021.o(i.CTIM1_IRQHandler)
    i.CTRIM_CLKDET_IRQHandler                0x00000750   Section        0  interrupts_hc32l021.o(i.CTRIM_CLKDET_IRQHandler)
    i.CTRIM_Enable                           0x00000758   Section        0  ctrim.o(i.CTRIM_Enable)
    i.CTRIM_FlagClear                        0x0000076c   Section        0  ctrim.o(i.CTRIM_FlagClear)
    i.CTRIM_FlagClearALL                     0x0000077c   Section        0  ctrim.o(i.CTRIM_FlagClearALL)
    i.CTRIM_FlagGet                          0x00000788   Section        0  ctrim.o(i.CTRIM_FlagGet)
    i.CTRIM_IntEnable                        0x000007a0   Section        0  ctrim.o(i.CTRIM_IntEnable)
    i.CTRIM_TimerInit                        0x000007b0   Section        0  ctrim.o(i.CTRIM_TimerInit)
    i.CTRIM_TimerStcInit                     0x000007f4   Section        0  ctrim.o(i.CTRIM_TimerStcInit)
    i.Ctim0_IRQHandler                       0x00000808   Section        0  interrupts_hc32l021.o(i.Ctim0_IRQHandler)
    i.Ctim1_IRQHandler                       0x0000080a   Section        0  interrupts_hc32l021.o(i.Ctim1_IRQHandler)
    i.CtrimConfig                            0x0000080c   Section        0  main.o(i.CtrimConfig)
    CtrimConfig                              0x0000080d   Thumb Code    72  main.o(i.CtrimConfig)
    i.Ctrim_Clkdet_IRQHandler                0x00000858   Section        0  main.o(i.Ctrim_Clkdet_IRQHandler)
    i.DDL_Delay100us                         0x00000898   Section        0  ddl.o(i.DDL_Delay100us)
    i.DDL_Delay10us                          0x000008ec   Section        0  ddl.o(i.DDL_Delay10us)
    i.DDL_Delay1ms                           0x0000093c   Section        0  ddl.o(i.DDL_Delay1ms)
    i.EnableNvic                             0x00000990   Section        0  interrupts_hc32l021.o(i.EnableNvic)
    i.FLASH_IRQHandler                       0x00000a00   Section        0  interrupts_hc32l021.o(i.FLASH_IRQHandler)
    i.Flash_IRQHandler                       0x00000a08   Section        0  interrupts_hc32l021.o(i.Flash_IRQHandler)
    i.GPIO_Init                              0x00000a0c   Section        0  gpio.o(i.GPIO_Init)
    i.GPIO_StcInit                           0x00000bbc   Section        0  gpio.o(i.GPIO_StcInit)
    i.GpioConfig                             0x00000bd0   Section        0  main.o(i.GpioConfig)
    GpioConfig                               0x00000bd1   Thumb Code    86  main.o(i.GpioConfig)
    i.HSI2C_IRQHandler                       0x00000c2c   Section        0  interrupts_hc32l021.o(i.HSI2C_IRQHandler)
    i.HardFault_Handler                      0x00000c34   Section        0  interrupts_hc32l021.o(i.HardFault_Handler)
    i.Hsi2c_IRQHandler                       0x00000c44   Section        0  interrupts_hc32l021.o(i.Hsi2c_IRQHandler)
    i.IICSendByte                            0x00000c46   Section        0  myiic.o(i.IICSendByte)
    i.IICStart                               0x00000c96   Section        0  myiic.o(i.IICStart)
    i.IICStop                                0x00000cca   Section        0  myiic.o(i.IICStop)
    i.IICWaitAck                             0x00000cf2   Section        0  myiic.o(i.IICWaitAck)
    i.IIC_WR                                 0x00000d40   Section        0  myiic.o(i.IIC_WR)
    i.IWDT_IRQHandler                        0x00000d74   Section        0  interrupts_hc32l021.o(i.IWDT_IRQHandler)
    i.Iwdt_IRQHandler                        0x00000d7c   Section        0  interrupts_hc32l021.o(i.Iwdt_IRQHandler)
    i.LPUART0_IRQHandler                     0x00000d7e   Section        0  interrupts_hc32l021.o(i.LPUART0_IRQHandler)
    i.LPUART1_IRQHandler                     0x00000d86   Section        0  interrupts_hc32l021.o(i.LPUART1_IRQHandler)
    i.LVD_IRQHandler                         0x00000d8e   Section        0  interrupts_hc32l021.o(i.LVD_IRQHandler)
    i.LpUart0_IRQHandler                     0x00000d96   Section        0  interrupts_hc32l021.o(i.LpUart0_IRQHandler)
    i.LpUart1_IRQHandler                     0x00000d98   Section        0  interrupts_hc32l021.o(i.LpUart1_IRQHandler)
    i.Lvd_IRQHandler                         0x00000d9a   Section        0  interrupts_hc32l021.o(i.Lvd_IRQHandler)
    i.PORTA_IRQHandler                       0x00000d9c   Section        0  interrupts_hc32l021.o(i.PORTA_IRQHandler)
    i.PORTB_IRQHandler                       0x00000da4   Section        0  interrupts_hc32l021.o(i.PORTB_IRQHandler)
    i.PortA_IRQHandler                       0x00000dac   Section        0  interrupts_hc32l021.o(i.PortA_IRQHandler)
    i.PortB_IRQHandler                       0x00000dae   Section        0  interrupts_hc32l021.o(i.PortB_IRQHandler)
    i.RTC_IRQHandler                         0x00000db0   Section        0  interrupts_hc32l021.o(i.RTC_IRQHandler)
    i.Rtc_IRQHandler                         0x00000db8   Section        0  interrupts_hc32l021.o(i.Rtc_IRQHandler)
    i.SCL_Output                             0x00000dbc   Section        0  myiic.o(i.SCL_Output)
    i.SDA_Input                              0x00000dd8   Section        0  myiic.o(i.SDA_Input)
    i.SDA_Input_Mode                         0x00000de8   Section        0  myiic.o(i.SDA_Input_Mode)
    i.SDA_Output                             0x00000e20   Section        0  myiic.o(i.SDA_Output)
    i.SDA_Output_Mode                        0x00000e38   Section        0  myiic.o(i.SDA_Output_Mode)
    i.SPI_IRQHandler                         0x00000e70   Section        0  interrupts_hc32l021.o(i.SPI_IRQHandler)
    i.SYSCTRL_HclkFreqGet                    0x00000e78   Section        0  sysctrl.o(i.SYSCTRL_HclkFreqGet)
    i.SYSCTRL_PeriphClockEnable              0x00000f34   Section        0  sysctrl.o(i.SYSCTRL_PeriphClockEnable)
    i.SYSCTRL_PeriphReset                    0x00000f68   Section        0  sysctrl.o(i.SYSCTRL_PeriphReset)
    i.Spi_IRQHandler                         0x00000fb8   Section        0  interrupts_hc32l021.o(i.Spi_IRQHandler)
    i.SysTick_Handler                        0x00000fba   Section        0  interrupts_hc32l021.o(i.SysTick_Handler)
    i.SysTick_IRQHandler                     0x00000fc2   Section        0  interrupts_hc32l021.o(i.SysTick_IRQHandler)
    i.SystemCoreClockUpdate                  0x00000fc4   Section        0  system_hc32l021.o(i.SystemCoreClockUpdate)
    i.SystemInit                             0x00000fd4   Section        0  system_hc32l021.o(i.SystemInit)
    i.VC0_IRQHandler                         0x00001028   Section        0  interrupts_hc32l021.o(i.VC0_IRQHandler)
    i.VC1_IRQHandler                         0x00001030   Section        0  interrupts_hc32l021.o(i.VC1_IRQHandler)
    i.Vc0_IRQHandler                         0x00001038   Section        0  interrupts_hc32l021.o(i.Vc0_IRQHandler)
    i.Vc1_IRQHandler                         0x0000103a   Section        0  interrupts_hc32l021.o(i.Vc1_IRQHandler)
    i.__ARM_clz                              0x0000103c   Section        0  depilogue.o(i.__ARM_clz)
    i.__NVIC_SetPriority                     0x0000106c   Section        0  interrupts_hc32l021.o(i.__NVIC_SetPriority)
    __NVIC_SetPriority                       0x0000106d   Thumb Code   110  interrupts_hc32l021.o(i.__NVIC_SetPriority)
    i.__scatterload_copy                     0x000010e4   Section       14  handlers.o(i.__scatterload_copy)
    i.__scatterload_null                     0x000010f2   Section        2  handlers.o(i.__scatterload_null)
    i.__scatterload_zeroinit                 0x000010f4   Section       14  handlers.o(i.__scatterload_zeroinit)
    i.delay                                  0x00001102   Section        0  myiic.o(i.delay)
    i.main                                   0x00001110   Section        0  main.o(i.main)
    .data                                    0x20000000   Section        4  system_hc32l021.o(.data)
    .data                                    0x20000004   Section       16  main.o(.data)
    .data                                    0x20000014   Section        2  myiic.o(.data)
    STACK                                    0x20000018   Section     1024  startup_hc32l021.o(STACK)

    Global Symbols

    Symbol Name                              Value     Ov Type        Size  Object(Section)

    BuildAttributes$$THM_ISAv3M$S$PE$A:L22$X:L11$S22$IEEE1$IW$USESV6$~STKCKD$USESV7$~SHL$OTIME$ROPI$EBA8$MICROLIB$REQ8$PRES8$EABIv2 0x00000000   Number         0  anon$$obj.o ABSOLUTE
    __ARM_use_no_argv                        0x00000000   Number         0  main.o ABSOLUTE
    __Vectors                                0x00000000   Data           0  startup_hc32l021.o(RESET)
    __arm_fini_                               - Undefined Weak Reference
    __cpp_initialize__aeabi_                  - Undefined Weak Reference
    __cxa_finalize                            - Undefined Weak Reference
    __decompress                              - Undefined Weak Reference
    _clock_init                               - Undefined Weak Reference
    _microlib_exit                            - Undefined Weak Reference
    __Vectors_End                            0x000000c0   Data           0  startup_hc32l021.o(RESET)
    __Vectors_Size                           0x000000c0   Number         0  startup_hc32l021.o ABSOLUTE
    __main                                   0x000000c1   Thumb Code     0  entry.o(.ARM.Collect$$$$00000000)
    _main_stk                                0x000000c1   Thumb Code     0  entry2.o(.ARM.Collect$$$$00000001)
    _main_scatterload                        0x000000c5   Thumb Code     0  entry5.o(.ARM.Collect$$$$00000004)
    __main_after_scatterload                 0x000000c9   Thumb Code     0  entry5.o(.ARM.Collect$$$$00000004)
    _main_clock                              0x000000c9   Thumb Code     0  entry7b.o(.ARM.Collect$$$$00000008)
    _main_cpp_init                           0x000000c9   Thumb Code     0  entry8b.o(.ARM.Collect$$$$0000000A)
    _main_init                               0x000000c9   Thumb Code     0  entry9a.o(.ARM.Collect$$$$0000000B)
    __rt_lib_shutdown_fini                   0x000000d1   Thumb Code     0  entry12b.o(.ARM.Collect$$$$0000000E)
    __rt_final_cpp                           0x000000d5   Thumb Code     0  entry10a.o(.ARM.Collect$$$$0000000F)
    __rt_final_exit                          0x000000d5   Thumb Code     0  entry11a.o(.ARM.Collect$$$$00000011)
    Reset_Handler                            0x000000d9   Thumb Code    26  startup_hc32l021.o(.text)
    NMI_Handler                              0x000000f3   Thumb Code     2  startup_hc32l021.o(.text)
    SVC_Handler                              0x000000f7   Thumb Code     2  startup_hc32l021.o(.text)
    PendSV_Handler                           0x000000f9   Thumb Code     2  startup_hc32l021.o(.text)
    __aeabi_uidiv                            0x00000115   Thumb Code     0  uidiv.o(.text)
    __aeabi_uidivmod                         0x00000115   Thumb Code    44  uidiv.o(.text)
    __aeabi_memset                           0x00000141   Thumb Code    14  memseta.o(.text)
    __aeabi_memset4                          0x00000141   Thumb Code     0  memseta.o(.text)
    __aeabi_memset8                          0x00000141   Thumb Code     0  memseta.o(.text)
    __aeabi_memclr                           0x0000014f   Thumb Code     4  memseta.o(.text)
    __aeabi_memclr4                          0x0000014f   Thumb Code     0  memseta.o(.text)
    __aeabi_memclr8                          0x0000014f   Thumb Code     0  memseta.o(.text)
    _memset$wrapper                          0x00000153   Thumb Code    18  memseta.o(.text)
    __aeabi_dmul                             0x00000165   Thumb Code   202  dmul.o(.text)
    __aeabi_ddiv                             0x00000235   Thumb Code   234  ddiv.o(.text)
    __aeabi_ui2d                             0x00000325   Thumb Code    24  dfltui.o(.text)
    __aeabi_d2f                              0x00000341   Thumb Code    56  d2f.o(.text)
    __I$use$fp                               0x00000379   Thumb Code     0  iusefp.o(.text)
    _float_round                             0x00000379   Thumb Code    16  fepilogue.o(.text)
    _float_epilogue                          0x00000389   Thumb Code   114  fepilogue.o(.text)
    _double_round                            0x000003fb   Thumb Code    26  depilogue.o(.text)
    _double_epilogue                         0x00000415   Thumb Code   164  depilogue.o(.text)
    __scatterload                            0x000004b9   Thumb Code    28  init.o(.text)
    __scatterload_rt2                        0x000004b9   Thumb Code     0  init.o(.text)
    __aeabi_llsl                             0x000004dd   Thumb Code    32  llshl.o(.text)
    _ll_shift_l                              0x000004dd   Thumb Code     0  llshl.o(.text)
    __aeabi_llsr                             0x000004fd   Thumb Code    34  llushr.o(.text)
    _ll_ushift_r                             0x000004fd   Thumb Code     0  llushr.o(.text)
    main                                     0x0000051f   Thumb Code    14  system_hc32l021.o(i.$Sub$$main)
    ADC_ConfigSqrCh                          0x0000052d   Thumb Code   130  adc.o(i.ADC_ConfigSqrCh)
    ADC_Enable                               0x000005b5   Thumb Code    22  adc.o(i.ADC_Enable)
    ADC_ExternTrigEnable                     0x000005d1   Thumb Code    14  adc.o(i.ADC_ExternTrigEnable)
    ADC_IRQHandler                           0x000005e5   Thumb Code     8  interrupts_hc32l021.o(i.ADC_IRQHandler)
    ADC_IntEnable                            0x000005ed   Thumb Code    16  adc.o(i.ADC_IntEnable)
    ADC_IntFlagClear                         0x00000601   Thumb Code    12  adc.o(i.ADC_IntFlagClear)
    ADC_IntFlagGet                           0x00000611   Thumb Code    20  adc.o(i.ADC_IntFlagGet)
    ADC_SqrInit                              0x00000629   Thumb Code    86  adc.o(i.ADC_SqrInit)
    ADC_SqrResultGet                         0x00000689   Thumb Code    10  adc.o(i.ADC_SqrResultGet)
    ADC_SqrStcInit                           0x00000699   Thumb Code    26  adc.o(i.ADC_SqrStcInit)
    ATIM3_IRQHandler                         0x000006b3   Thumb Code     8  interrupts_hc32l021.o(i.ATIM3_IRQHandler)
    Adc_IRQHandler                           0x0000073d   Thumb Code     2  interrupts_hc32l021.o(i.Adc_IRQHandler)
    Atim3_IRQHandler                         0x0000073f   Thumb Code     2  interrupts_hc32l021.o(i.Atim3_IRQHandler)
    CTIM0_IRQHandler                         0x00000741   Thumb Code     8  interrupts_hc32l021.o(i.CTIM0_IRQHandler)
    CTIM1_IRQHandler                         0x00000749   Thumb Code     8  interrupts_hc32l021.o(i.CTIM1_IRQHandler)
    CTRIM_CLKDET_IRQHandler                  0x00000751   Thumb Code     8  interrupts_hc32l021.o(i.CTRIM_CLKDET_IRQHandler)
    CTRIM_Enable                             0x00000759   Thumb Code    14  ctrim.o(i.CTRIM_Enable)
    CTRIM_FlagClear                          0x0000076d   Thumb Code    12  ctrim.o(i.CTRIM_FlagClear)
    CTRIM_FlagClearALL                       0x0000077d   Thumb Code     8  ctrim.o(i.CTRIM_FlagClearALL)
    CTRIM_FlagGet                            0x00000789   Thumb Code    20  ctrim.o(i.CTRIM_FlagGet)
    CTRIM_IntEnable                          0x000007a1   Thumb Code    12  ctrim.o(i.CTRIM_IntEnable)
    CTRIM_TimerInit                          0x000007b1   Thumb Code    62  ctrim.o(i.CTRIM_TimerInit)
    CTRIM_TimerStcInit                       0x000007f5   Thumb Code    14  ctrim.o(i.CTRIM_TimerStcInit)
    Ctim0_IRQHandler                         0x00000809   Thumb Code     2  interrupts_hc32l021.o(i.Ctim0_IRQHandler)
    Ctim1_IRQHandler                         0x0000080b   Thumb Code     2  interrupts_hc32l021.o(i.Ctim1_IRQHandler)
    Ctrim_Clkdet_IRQHandler                  0x00000859   Thumb Code    54  main.o(i.Ctrim_Clkdet_IRQHandler)
    DDL_Delay100us                           0x00000899   Thumb Code    72  ddl.o(i.DDL_Delay100us)
    DDL_Delay10us                            0x000008ed   Thumb Code    68  ddl.o(i.DDL_Delay10us)
    DDL_Delay1ms                             0x0000093d   Thumb Code    74  ddl.o(i.DDL_Delay1ms)
    EnableNvic                               0x00000991   Thumb Code   104  interrupts_hc32l021.o(i.EnableNvic)
    FLASH_IRQHandler                         0x00000a01   Thumb Code     8  interrupts_hc32l021.o(i.FLASH_IRQHandler)
    Flash_IRQHandler                         0x00000a09   Thumb Code     2  interrupts_hc32l021.o(i.Flash_IRQHandler)
    GPIO_Init                                0x00000a0d   Thumb Code   426  gpio.o(i.GPIO_Init)
    GPIO_StcInit                             0x00000bbd   Thumb Code    18  gpio.o(i.GPIO_StcInit)
    HSI2C_IRQHandler                         0x00000c2d   Thumb Code     8  interrupts_hc32l021.o(i.HSI2C_IRQHandler)
    HardFault_Handler                        0x00000c35   Thumb Code    16  interrupts_hc32l021.o(i.HardFault_Handler)
    Hsi2c_IRQHandler                         0x00000c45   Thumb Code     2  interrupts_hc32l021.o(i.Hsi2c_IRQHandler)
    IICSendByte                              0x00000c47   Thumb Code    80  myiic.o(i.IICSendByte)
    IICStart                                 0x00000c97   Thumb Code    52  myiic.o(i.IICStart)
    IICStop                                  0x00000ccb   Thumb Code    40  myiic.o(i.IICStop)
    IICWaitAck                               0x00000cf3   Thumb Code    76  myiic.o(i.IICWaitAck)
    IIC_WR                                   0x00000d41   Thumb Code    48  myiic.o(i.IIC_WR)
    IWDT_IRQHandler                          0x00000d75   Thumb Code     8  interrupts_hc32l021.o(i.IWDT_IRQHandler)
    Iwdt_IRQHandler                          0x00000d7d   Thumb Code     2  interrupts_hc32l021.o(i.Iwdt_IRQHandler)
    LPUART0_IRQHandler                       0x00000d7f   Thumb Code     8  interrupts_hc32l021.o(i.LPUART0_IRQHandler)
    LPUART1_IRQHandler                       0x00000d87   Thumb Code     8  interrupts_hc32l021.o(i.LPUART1_IRQHandler)
    LVD_IRQHandler                           0x00000d8f   Thumb Code     8  interrupts_hc32l021.o(i.LVD_IRQHandler)
    LpUart0_IRQHandler                       0x00000d97   Thumb Code     2  interrupts_hc32l021.o(i.LpUart0_IRQHandler)
    LpUart1_IRQHandler                       0x00000d99   Thumb Code     2  interrupts_hc32l021.o(i.LpUart1_IRQHandler)
    Lvd_IRQHandler                           0x00000d9b   Thumb Code     2  interrupts_hc32l021.o(i.Lvd_IRQHandler)
    PORTA_IRQHandler                         0x00000d9d   Thumb Code     8  interrupts_hc32l021.o(i.PORTA_IRQHandler)
    PORTB_IRQHandler                         0x00000da5   Thumb Code     8  interrupts_hc32l021.o(i.PORTB_IRQHandler)
    PortA_IRQHandler                         0x00000dad   Thumb Code     2  interrupts_hc32l021.o(i.PortA_IRQHandler)
    PortB_IRQHandler                         0x00000daf   Thumb Code     2  interrupts_hc32l021.o(i.PortB_IRQHandler)
    RTC_IRQHandler                           0x00000db1   Thumb Code     8  interrupts_hc32l021.o(i.RTC_IRQHandler)
    Rtc_IRQHandler                           0x00000db9   Thumb Code     2  interrupts_hc32l021.o(i.Rtc_IRQHandler)
    SCL_Output                               0x00000dbd   Thumb Code    24  myiic.o(i.SCL_Output)
    SDA_Input                                0x00000dd9   Thumb Code    10  myiic.o(i.SDA_Input)
    SDA_Input_Mode                           0x00000de9   Thumb Code    50  myiic.o(i.SDA_Input_Mode)
    SDA_Output                               0x00000e21   Thumb Code    20  myiic.o(i.SDA_Output)
    SDA_Output_Mode                          0x00000e39   Thumb Code    52  myiic.o(i.SDA_Output_Mode)
    SPI_IRQHandler                           0x00000e71   Thumb Code     8  interrupts_hc32l021.o(i.SPI_IRQHandler)
    SYSCTRL_HclkFreqGet                      0x00000e79   Thumb Code   160  sysctrl.o(i.SYSCTRL_HclkFreqGet)
    SYSCTRL_PeriphClockEnable                0x00000f35   Thumb Code    48  sysctrl.o(i.SYSCTRL_PeriphClockEnable)
    SYSCTRL_PeriphReset                      0x00000f69   Thumb Code    76  sysctrl.o(i.SYSCTRL_PeriphReset)
    Spi_IRQHandler                           0x00000fb9   Thumb Code     2  interrupts_hc32l021.o(i.Spi_IRQHandler)
    SysTick_Handler                          0x00000fbb   Thumb Code     8  interrupts_hc32l021.o(i.SysTick_Handler)
    SysTick_IRQHandler                       0x00000fc3   Thumb Code     2  interrupts_hc32l021.o(i.SysTick_IRQHandler)
    SystemCoreClockUpdate                    0x00000fc5   Thumb Code    12  system_hc32l021.o(i.SystemCoreClockUpdate)
    SystemInit                               0x00000fd5   Thumb Code    54  system_hc32l021.o(i.SystemInit)
    VC0_IRQHandler                           0x00001029   Thumb Code     8  interrupts_hc32l021.o(i.VC0_IRQHandler)
    VC1_IRQHandler                           0x00001031   Thumb Code     8  interrupts_hc32l021.o(i.VC1_IRQHandler)
    Vc0_IRQHandler                           0x00001039   Thumb Code     2  interrupts_hc32l021.o(i.Vc0_IRQHandler)
    Vc1_IRQHandler                           0x0000103b   Thumb Code     2  interrupts_hc32l021.o(i.Vc1_IRQHandler)
    __ARM_clz                                0x0000103d   Thumb Code    46  depilogue.o(i.__ARM_clz)
    __scatterload_copy                       0x000010e5   Thumb Code    14  handlers.o(i.__scatterload_copy)
    __scatterload_null                       0x000010f3   Thumb Code     2  handlers.o(i.__scatterload_null)
    __scatterload_zeroinit                   0x000010f5   Thumb Code    14  handlers.o(i.__scatterload_zeroinit)
    delay                                    0x00001103   Thumb Code    14  myiic.o(i.delay)
    $Super$$main                             0x00001111   Thumb Code   134  main.o(i.main)
    Region$$Table$$Base                      0x000011b4   Number         0  anon$$obj.o(Region$$Table)
    Region$$Table$$Limit                     0x000011d4   Number         0  anon$$obj.o(Region$$Table)
    SystemCoreClock                          0x20000000   Data           4  system_hc32l021.o(.data)
    AdcResult1                               0x20000004   Data           4  main.o(.data)
    AdcResult2                               0x20000008   Data           4  main.o(.data)
    VO                                       0x2000000c   Data           4  main.o(.data)
    IO                                       0x20000010   Data           4  main.o(.data)
    I2C_ADDR_WR                              0x20000014   Data           1  myiic.o(.data)
    I2C_ADDR_RD                              0x20000015   Data           1  myiic.o(.data)
    __initial_sp                             0x20000418   Data           0  startup_hc32l021.o(STACK)



==============================================================================

Memory Map of the image

  Image Entry point : 0x000000c1

  Load Region LR_IROM1 (Base: 0x00000000, Size: 0x000011ec, Max: 0x00010000, ABSOLUTE)

    Execution Region ER_IROM1 (Exec base: 0x00000000, Load base: 0x00000000, Size: 0x000011d4, Max: 0x00010000, ABSOLUTE)

    Exec Addr    Load Addr    Size         Type   Attr      Idx    E Section Name        Object

    0x00000000   0x00000000   0x000000c0   Data   RO            3    RESET               startup_hc32l021.o
    0x000000c0   0x000000c0   0x00000000   Code   RO         1076  * .ARM.Collect$$$$00000000  mc_p.l(entry.o)
    0x000000c0   0x000000c0   0x00000004   Code   RO         1095    .ARM.Collect$$$$00000001  mc_p.l(entry2.o)
    0x000000c4   0x000000c4   0x00000004   Code   RO         1098    .ARM.Collect$$$$00000004  mc_p.l(entry5.o)
    0x000000c8   0x000000c8   0x00000000   Code   RO         1100    .ARM.Collect$$$$00000008  mc_p.l(entry7b.o)
    0x000000c8   0x000000c8   0x00000000   Code   RO         1102    .ARM.Collect$$$$0000000A  mc_p.l(entry8b.o)
    0x000000c8   0x000000c8   0x00000008   Code   RO         1103    .ARM.Collect$$$$0000000B  mc_p.l(entry9a.o)
    0x000000d0   0x000000d0   0x00000004   Code   RO         1110    .ARM.Collect$$$$0000000E  mc_p.l(entry12b.o)
    0x000000d4   0x000000d4   0x00000000   Code   RO         1105    .ARM.Collect$$$$0000000F  mc_p.l(entry10a.o)
    0x000000d4   0x000000d4   0x00000000   Code   RO         1107    .ARM.Collect$$$$00000011  mc_p.l(entry11a.o)
    0x000000d4   0x000000d4   0x00000004   Code   RO         1096    .ARM.Collect$$$$00002712  mc_p.l(entry2.o)
    0x000000d8   0x000000d8   0x0000003c   Code   RO            4    .text               startup_hc32l021.o
    0x00000114   0x00000114   0x0000002c   Code   RO         1079    .text               mc_p.l(uidiv.o)
    0x00000140   0x00000140   0x00000024   Code   RO         1083    .text               mc_p.l(memseta.o)
    0x00000164   0x00000164   0x000000d0   Code   RO         1087    .text               mf_p.l(dmul.o)
    0x00000234   0x00000234   0x000000f0   Code   RO         1089    .text               mf_p.l(ddiv.o)
    0x00000324   0x00000324   0x0000001c   Code   RO         1091    .text               mf_p.l(dfltui.o)
    0x00000340   0x00000340   0x00000038   Code   RO         1093    .text               mf_p.l(d2f.o)
    0x00000378   0x00000378   0x00000000   Code   RO         1111    .text               mc_p.l(iusefp.o)
    0x00000378   0x00000378   0x00000082   Code   RO         1112    .text               mf_p.l(fepilogue.o)
    0x000003fa   0x000003fa   0x000000be   Code   RO         1114    .text               mf_p.l(depilogue.o)
    0x000004b8   0x000004b8   0x00000024   Code   RO         1118    .text               mc_p.l(init.o)
    0x000004dc   0x000004dc   0x00000020   Code   RO         1120    .text               mc_p.l(llshl.o)
    0x000004fc   0x000004fc   0x00000022   Code   RO         1122    .text               mc_p.l(llushr.o)
    0x0000051e   0x0000051e   0x0000000e   Code   RO           12    i.$Sub$$main        system_hc32l021.o
    0x0000052c   0x0000052c   0x00000088   Code   RO          726    i.ADC_ConfigSqrCh   adc.o
    0x000005b4   0x000005b4   0x0000001c   Code   RO          728    i.ADC_Enable        adc.o
    0x000005d0   0x000005d0   0x00000014   Code   RO          730    i.ADC_ExternTrigEnable  adc.o
    0x000005e4   0x000005e4   0x00000008   Code   RO          100    i.ADC_IRQHandler    interrupts_hc32l021.o
    0x000005ec   0x000005ec   0x00000014   Code   RO          732    i.ADC_IntEnable     adc.o
    0x00000600   0x00000600   0x00000010   Code   RO          733    i.ADC_IntFlagClear  adc.o
    0x00000610   0x00000610   0x00000018   Code   RO          734    i.ADC_IntFlagGet    adc.o
    0x00000628   0x00000628   0x00000060   Code   RO          735    i.ADC_SqrInit       adc.o
    0x00000688   0x00000688   0x00000010   Code   RO          736    i.ADC_SqrResultGet  adc.o
    0x00000698   0x00000698   0x0000001a   Code   RO          738    i.ADC_SqrStcInit    adc.o
    0x000006b2   0x000006b2   0x00000008   Code   RO          101    i.ATIM3_IRQHandler  interrupts_hc32l021.o
    0x000006ba   0x000006ba   0x00000002   PAD
    0x000006bc   0x000006bc   0x00000080   Code   RO          389    i.AdcConfig         main.o
    0x0000073c   0x0000073c   0x00000002   Code   RO          102    i.Adc_IRQHandler    interrupts_hc32l021.o
    0x0000073e   0x0000073e   0x00000002   Code   RO          103    i.Atim3_IRQHandler  interrupts_hc32l021.o
    0x00000740   0x00000740   0x00000008   Code   RO          104    i.CTIM0_IRQHandler  interrupts_hc32l021.o
    0x00000748   0x00000748   0x00000008   Code   RO          105    i.CTIM1_IRQHandler  interrupts_hc32l021.o
    0x00000750   0x00000750   0x00000008   Code   RO          106    i.CTRIM_CLKDET_IRQHandler  interrupts_hc32l021.o
    0x00000758   0x00000758   0x00000014   Code   RO          827    i.CTRIM_Enable      ctrim.o
    0x0000076c   0x0000076c   0x00000010   Code   RO          829    i.CTRIM_FlagClear   ctrim.o
    0x0000077c   0x0000077c   0x0000000c   Code   RO          830    i.CTRIM_FlagClearALL  ctrim.o
    0x00000788   0x00000788   0x00000018   Code   RO          831    i.CTRIM_FlagGet     ctrim.o
    0x000007a0   0x000007a0   0x00000010   Code   RO          834    i.CTRIM_IntEnable   ctrim.o
    0x000007b0   0x000007b0   0x00000044   Code   RO          838    i.CTRIM_TimerInit   ctrim.o
    0x000007f4   0x000007f4   0x00000014   Code   RO          839    i.CTRIM_TimerStcInit  ctrim.o
    0x00000808   0x00000808   0x00000002   Code   RO          107    i.Ctim0_IRQHandler  interrupts_hc32l021.o
    0x0000080a   0x0000080a   0x00000002   Code   RO          108    i.Ctim1_IRQHandler  interrupts_hc32l021.o
    0x0000080c   0x0000080c   0x0000004c   Code   RO          390    i.CtrimConfig       main.o
    0x00000858   0x00000858   0x00000040   Code   RO          391    i.Ctrim_Clkdet_IRQHandler  main.o
    0x00000898   0x00000898   0x00000054   Code   RO          442    i.DDL_Delay100us    ddl.o
    0x000008ec   0x000008ec   0x00000050   Code   RO          443    i.DDL_Delay10us     ddl.o
    0x0000093c   0x0000093c   0x00000054   Code   RO          444    i.DDL_Delay1ms      ddl.o
    0x00000990   0x00000990   0x00000070   Code   RO          110    i.EnableNvic        interrupts_hc32l021.o
    0x00000a00   0x00000a00   0x00000008   Code   RO          111    i.FLASH_IRQHandler  interrupts_hc32l021.o
    0x00000a08   0x00000a08   0x00000002   Code   RO          112    i.Flash_IRQHandler  interrupts_hc32l021.o
    0x00000a0a   0x00000a0a   0x00000002   PAD
    0x00000a0c   0x00000a0c   0x000001b0   Code   RO          688    i.GPIO_Init         gpio.o
    0x00000bbc   0x00000bbc   0x00000012   Code   RO          691    i.GPIO_StcInit      gpio.o
    0x00000bce   0x00000bce   0x00000002   PAD
    0x00000bd0   0x00000bd0   0x0000005c   Code   RO          392    i.GpioConfig        main.o
    0x00000c2c   0x00000c2c   0x00000008   Code   RO          113    i.HSI2C_IRQHandler  interrupts_hc32l021.o
    0x00000c34   0x00000c34   0x00000010   Code   RO          114    i.HardFault_Handler  interrupts_hc32l021.o
    0x00000c44   0x00000c44   0x00000002   Code   RO          115    i.Hsi2c_IRQHandler  interrupts_hc32l021.o
    0x00000c46   0x00000c46   0x00000050   Code   RO          972    i.IICSendByte       myiic.o
    0x00000c96   0x00000c96   0x00000034   Code   RO          974    i.IICStart          myiic.o
    0x00000cca   0x00000cca   0x00000028   Code   RO          975    i.IICStop           myiic.o
    0x00000cf2   0x00000cf2   0x0000004c   Code   RO          976    i.IICWaitAck        myiic.o
    0x00000d3e   0x00000d3e   0x00000002   PAD
    0x00000d40   0x00000d40   0x00000034   Code   RO          978    i.IIC_WR            myiic.o
    0x00000d74   0x00000d74   0x00000008   Code   RO          116    i.IWDT_IRQHandler   interrupts_hc32l021.o
    0x00000d7c   0x00000d7c   0x00000002   Code   RO          117    i.Iwdt_IRQHandler   interrupts_hc32l021.o
    0x00000d7e   0x00000d7e   0x00000008   Code   RO          118    i.LPUART0_IRQHandler  interrupts_hc32l021.o
    0x00000d86   0x00000d86   0x00000008   Code   RO          119    i.LPUART1_IRQHandler  interrupts_hc32l021.o
    0x00000d8e   0x00000d8e   0x00000008   Code   RO          120    i.LVD_IRQHandler    interrupts_hc32l021.o
    0x00000d96   0x00000d96   0x00000002   Code   RO          121    i.LpUart0_IRQHandler  interrupts_hc32l021.o
    0x00000d98   0x00000d98   0x00000002   Code   RO          122    i.LpUart1_IRQHandler  interrupts_hc32l021.o
    0x00000d9a   0x00000d9a   0x00000002   Code   RO          123    i.Lvd_IRQHandler    interrupts_hc32l021.o
    0x00000d9c   0x00000d9c   0x00000008   Code   RO          124    i.PORTA_IRQHandler  interrupts_hc32l021.o
    0x00000da4   0x00000da4   0x00000008   Code   RO          125    i.PORTB_IRQHandler  interrupts_hc32l021.o
    0x00000dac   0x00000dac   0x00000002   Code   RO          126    i.PortA_IRQHandler  interrupts_hc32l021.o
    0x00000dae   0x00000dae   0x00000002   Code   RO          127    i.PortB_IRQHandler  interrupts_hc32l021.o
    0x00000db0   0x00000db0   0x00000008   Code   RO          128    i.RTC_IRQHandler    interrupts_hc32l021.o
    0x00000db8   0x00000db8   0x00000002   Code   RO          129    i.Rtc_IRQHandler    interrupts_hc32l021.o
    0x00000dba   0x00000dba   0x00000002   PAD
    0x00000dbc   0x00000dbc   0x0000001c   Code   RO          979    i.SCL_Output        myiic.o
    0x00000dd8   0x00000dd8   0x00000010   Code   RO          980    i.SDA_Input         myiic.o
    0x00000de8   0x00000de8   0x00000038   Code   RO          981    i.SDA_Input_Mode    myiic.o
    0x00000e20   0x00000e20   0x00000018   Code   RO          982    i.SDA_Output        myiic.o
    0x00000e38   0x00000e38   0x00000038   Code   RO          983    i.SDA_Output_Mode   myiic.o
    0x00000e70   0x00000e70   0x00000008   Code   RO          130    i.SPI_IRQHandler    interrupts_hc32l021.o
    0x00000e78   0x00000e78   0x000000bc   Code   RO          496    i.SYSCTRL_HclkFreqGet  sysctrl.o
    0x00000f34   0x00000f34   0x00000034   Code   RO          498    i.SYSCTRL_PeriphClockEnable  sysctrl.o
    0x00000f68   0x00000f68   0x00000050   Code   RO          500    i.SYSCTRL_PeriphReset  sysctrl.o
    0x00000fb8   0x00000fb8   0x00000002   Code   RO          131    i.Spi_IRQHandler    interrupts_hc32l021.o
    0x00000fba   0x00000fba   0x00000008   Code   RO          132    i.SysTick_Handler   interrupts_hc32l021.o
    0x00000fc2   0x00000fc2   0x00000002   Code   RO          133    i.SysTick_IRQHandler  interrupts_hc32l021.o
    0x00000fc4   0x00000fc4   0x00000010   Code   RO           13    i.SystemCoreClockUpdate  system_hc32l021.o
    0x00000fd4   0x00000fd4   0x00000054   Code   RO           14    i.SystemInit        system_hc32l021.o
    0x00001028   0x00001028   0x00000008   Code   RO          134    i.VC0_IRQHandler    interrupts_hc32l021.o
    0x00001030   0x00001030   0x00000008   Code   RO          135    i.VC1_IRQHandler    interrupts_hc32l021.o
    0x00001038   0x00001038   0x00000002   Code   RO          136    i.Vc0_IRQHandler    interrupts_hc32l021.o
    0x0000103a   0x0000103a   0x00000002   Code   RO          137    i.Vc1_IRQHandler    interrupts_hc32l021.o
    0x0000103c   0x0000103c   0x0000002e   Code   RO         1116    i.__ARM_clz         mf_p.l(depilogue.o)
    0x0000106a   0x0000106a   0x00000002   PAD
    0x0000106c   0x0000106c   0x00000078   Code   RO          138    i.__NVIC_SetPriority  interrupts_hc32l021.o
    0x000010e4   0x000010e4   0x0000000e   Code   RO         1126    i.__scatterload_copy  mc_p.l(handlers.o)
    0x000010f2   0x000010f2   0x00000002   Code   RO         1127    i.__scatterload_null  mc_p.l(handlers.o)
    0x000010f4   0x000010f4   0x0000000e   Code   RO         1128    i.__scatterload_zeroinit  mc_p.l(handlers.o)
    0x00001102   0x00001102   0x0000000e   Code   RO          984    i.delay             myiic.o
    0x00001110   0x00001110   0x000000a4   Code   RO          393    i.main              main.o
    0x000011b4   0x000011b4   0x00000020   Data   RO         1124    Region$$Table       anon$$obj.o


    Execution Region RW_IRAM1 (Exec base: 0x20000000, Load base: 0x000011d4, Size: 0x00000418, Max: 0x00001800, ABSOLUTE)

    Exec Addr    Load Addr    Size         Type   Attr      Idx    E Section Name        Object

    0x20000000   0x000011d4   0x00000004   Data   RW           15    .data               system_hc32l021.o
    0x20000004   0x000011d8   0x00000010   Data   RW          394    .data               main.o
    0x20000014   0x000011e8   0x00000002   Data   RW          986    .data               myiic.o
    0x20000016   0x000011ea   0x00000002   PAD
    0x20000018        -       0x00000400   Zero   RW            1    STACK               startup_hc32l021.o


==============================================================================

Image component sizes


      Code (inc. data)   RO Data    RW Data    ZI Data      Debug   Object Name

       382         46          0          0          0       5220   adc.o
         0          0          0          0          0      26040   board_stkhc32l021.o
       176         34          0          0          0       3931   ctrim.o
       248         34          0          0          0       2052   ddl.o
       450          6          0          0          0       1719   gpio.o
       426         18          0          0          0      28180   interrupts_hc32l021.o
       524         56          0         16          0       8683   main.o
       494         28          0          2          0       6436   myiic.o
        60         22        192          0       1024        664   startup_hc32l021.o
       320         36          0          0          0       1776   sysctrl.o
       114         34          0          4          0     190832   system_hc32l021.o

    ----------------------------------------------------------------------
      3204        314        224         24       1024     275533   Object Totals
         0          0         32          0          0          0   (incl. Generated)
        10          0          0          2          0          0   (incl. Padding)

    ----------------------------------------------------------------------

      Code (inc. data)   RO Data    RW Data    ZI Data      Debug   Library Member Name

         0          0          0          0          0          0   entry.o
         0          0          0          0          0          0   entry10a.o
         0          0          0          0          0          0   entry11a.o
         4          0          0          0          0          0   entry12b.o
         8          4          0          0          0          0   entry2.o
         4          0          0          0          0          0   entry5.o
         0          0          0          0          0          0   entry7b.o
         0          0          0          0          0          0   entry8b.o
         8          4          0          0          0          0   entry9a.o
        30          0          0          0          0          0   handlers.o
        36          8          0          0          0         68   init.o
         0          0          0          0          0          0   iusefp.o
        32          0          0          0          0         68   llshl.o
        34          0          0          0          0         68   llushr.o
        36          0          0          0          0        100   memseta.o
        44          0          0          0          0         72   uidiv.o
        56          0          0          0          0         68   d2f.o
       240          6          0          0          0         84   ddiv.o
       236          0          0          0          0        216   depilogue.o
        28          4          0          0          0         68   dfltui.o
       208          6          0          0          0         88   dmul.o
       130          0          0          0          0        144   fepilogue.o

    ----------------------------------------------------------------------
      1136         32          0          0          0       1044   Library Totals
         2          0          0          0          0          0   (incl. Padding)

    ----------------------------------------------------------------------

      Code (inc. data)   RO Data    RW Data    ZI Data      Debug   Library Name

       236         16          0          0          0        376   mc_p.l
       898         16          0          0          0        668   mf_p.l

    ----------------------------------------------------------------------
      1136         32          0          0          0       1044   Library Totals

    ----------------------------------------------------------------------

==============================================================================


      Code (inc. data)   RO Data    RW Data    ZI Data      Debug   

      4340        346        224         24       1024     272901   Grand Totals
      4340        346        224         24       1024     272901   ELF Image Totals
      4340        346        224         24          0          0   ROM Totals

==============================================================================

    Total RO  Size (Code + RO Data)                 4564 (   4.46kB)
    Total RW  Size (RW Data + ZI Data)              1048 (   1.02kB)
    Total ROM Size (Code + RO Data + RW Data)       4588 (   4.48kB)

==============================================================================

