Component: ARM Compiler 5.06 update 7 (build 960) Tool: armlink [4d3601]

==============================================================================

Image Symbol Table

    Local Symbols

    Symbol Name                              Value     Ov Type        Size  Object(Section)

    RESET                                    0x00000000   Section      192  startup_hc32l021.o(RESET)
    ../clib/microlib/division.c              0x00000000   Number         0  uidiv.o ABSOLUTE
    ../clib/microlib/init/entry.s            0x00000000   Number         0  entry7b.o ABSOLUTE
    ../clib/microlib/init/entry.s            0x00000000   Number         0  entry7a.o ABSOLUTE
    ../clib/microlib/init/entry.s            0x00000000   Number         0  entry12b.o ABSOLUTE
    ../clib/microlib/init/entry.s            0x00000000   Number         0  entry12a.o ABSOLUTE
    ../clib/microlib/init/entry.s            0x00000000   Number         0  entry.o ABSOLUTE
    ../clib/microlib/init/entry.s            0x00000000   Number         0  entry11b.o ABSOLUTE
    ../clib/microlib/init/entry.s            0x00000000   Number         0  entry11a.o ABSOLUTE
    ../clib/microlib/init/entry.s            0x00000000   Number         0  entry10b.o ABSOLUTE
    ../clib/microlib/init/entry.s            0x00000000   Number         0  entry10a.o ABSOLUTE
    ../clib/microlib/init/entry.s            0x00000000   Number         0  entry9b.o ABSOLUTE
    ../clib/microlib/init/entry.s            0x00000000   Number         0  entry9a.o ABSOLUTE
    ../clib/microlib/init/entry.s            0x00000000   Number         0  entry2.o ABSOLUTE
    ../clib/microlib/init/entry.s            0x00000000   Number         0  entry8b.o ABSOLUTE
    ../clib/microlib/init/entry.s            0x00000000   Number         0  entry8a.o ABSOLUTE
    ../clib/microlib/init/entry.s            0x00000000   Number         0  entry5.o ABSOLUTE
    ../clib/microlib/string/memcpy.c         0x00000000   Number         0  memcpya.o ABSOLUTE
    ../clib/microlib/string/memcpy.c         0x00000000   Number         0  memcpyb.o ABSOLUTE
    ../clib/microlib/string/memset.c         0x00000000   Number         0  memseta.o ABSOLUTE
    ..\..\..\..\driver\src\ddl.c             0x00000000   Number         0  ddl.o ABSOLUTE
    ..\..\..\..\driver\src\gpio.c            0x00000000   Number         0  gpio.o ABSOLUTE
    ..\..\..\..\driver\src\sysctrl.c         0x00000000   Number         0  sysctrl.o ABSOLUTE
    ..\..\..\..\mcu\common\board_stkhc32l021.c 0x00000000   Number         0  board_stkhc32l021.o ABSOLUTE
    ..\..\..\..\mcu\common\interrupts_hc32l021.c 0x00000000   Number         0  interrupts_hc32l021.o ABSOLUTE
    ..\..\..\..\mcu\common\system_hc32l021.c 0x00000000   Number         0  system_hc32l021.o ABSOLUTE
    ..\\..\\..\\..\\driver\\src\\ddl.c       0x00000000   Number         0  ddl.o ABSOLUTE
    ..\\..\\..\\..\\driver\\src\\gpio.c      0x00000000   Number         0  gpio.o ABSOLUTE
    ..\\..\\..\\..\\driver\\src\\sysctrl.c   0x00000000   Number         0  sysctrl.o ABSOLUTE
    ..\\..\\..\\..\\mcu\\common\\board_stkhc32l021.c 0x00000000   Number         0  board_stkhc32l021.o ABSOLUTE
    ..\\..\\..\\..\\mcu\\common\\interrupts_hc32l021.c 0x00000000   Number         0  interrupts_hc32l021.o ABSOLUTE
    ..\\..\\..\\..\\mcu\\common\\system_hc32l021.c 0x00000000   Number         0  system_hc32l021.o ABSOLUTE
    ..\\source\\main.c                       0x00000000   Number         0  main.o ABSOLUTE
    ..\source\main.c                         0x00000000   Number         0  main.o ABSOLUTE
    dc.s                                     0x00000000   Number         0  dc.o ABSOLUTE
    handlers.s                               0x00000000   Number         0  handlers.o ABSOLUTE
    init.s                                   0x00000000   Number         0  init.o ABSOLUTE
    startup_hc32l021.s                       0x00000000   Number         0  startup_hc32l021.o ABSOLUTE
    .ARM.Collect$$$$00000000                 0x000000c0   Section        0  entry.o(.ARM.Collect$$$$00000000)
    .ARM.Collect$$$$00000001                 0x000000c0   Section        4  entry2.o(.ARM.Collect$$$$00000001)
    .ARM.Collect$$$$00000004                 0x000000c4   Section        4  entry5.o(.ARM.Collect$$$$00000004)
    .ARM.Collect$$$$00000008                 0x000000c8   Section        0  entry7b.o(.ARM.Collect$$$$00000008)
    .ARM.Collect$$$$0000000A                 0x000000c8   Section        0  entry8b.o(.ARM.Collect$$$$0000000A)
    .ARM.Collect$$$$0000000B                 0x000000c8   Section        8  entry9a.o(.ARM.Collect$$$$0000000B)
    .ARM.Collect$$$$0000000E                 0x000000d0   Section        4  entry12b.o(.ARM.Collect$$$$0000000E)
    .ARM.Collect$$$$0000000F                 0x000000d4   Section        0  entry10a.o(.ARM.Collect$$$$0000000F)
    .ARM.Collect$$$$00000011                 0x000000d4   Section        0  entry11a.o(.ARM.Collect$$$$00000011)
    .ARM.Collect$$$$00002712                 0x000000d4   Section        4  entry2.o(.ARM.Collect$$$$00002712)
    __lit__00000000                          0x000000d4   Data           4  entry2.o(.ARM.Collect$$$$00002712)
    .text                                    0x000000d8   Section       60  startup_hc32l021.o(.text)
    .text                                    0x00000114   Section        0  uidiv.o(.text)
    .text                                    0x00000140   Section        0  memseta.o(.text)
    .text                                    0x00000164   Section       36  init.o(.text)
    i.$Sub$$main                             0x00000188   Section        0  system_hc32l021.o(i.$Sub$$main)
    i.ADC_IRQHandler                         0x00000196   Section        0  interrupts_hc32l021.o(i.ADC_IRQHandler)
    i.ATIM3_IRQHandler                       0x0000019e   Section        0  interrupts_hc32l021.o(i.ATIM3_IRQHandler)
    i.Adc_IRQHandler                         0x000001a6   Section        0  interrupts_hc32l021.o(i.Adc_IRQHandler)
    i.Atim3_IRQHandler                       0x000001a8   Section        0  interrupts_hc32l021.o(i.Atim3_IRQHandler)
    i.CTIM0_IRQHandler                       0x000001aa   Section        0  interrupts_hc32l021.o(i.CTIM0_IRQHandler)
    i.CTIM1_IRQHandler                       0x000001b2   Section        0  interrupts_hc32l021.o(i.CTIM1_IRQHandler)
    i.CTRIM_CLKDET_IRQHandler                0x000001ba   Section        0  interrupts_hc32l021.o(i.CTRIM_CLKDET_IRQHandler)
    i.Ctim0_IRQHandler                       0x000001c2   Section        0  interrupts_hc32l021.o(i.Ctim0_IRQHandler)
    i.Ctim1_IRQHandler                       0x000001c4   Section        0  interrupts_hc32l021.o(i.Ctim1_IRQHandler)
    i.Ctrim_Clkdet_IRQHandler                0x000001c6   Section        0  interrupts_hc32l021.o(i.Ctrim_Clkdet_IRQHandler)
    i.DDL_Delay1ms                           0x000001c8   Section        0  ddl.o(i.DDL_Delay1ms)
    i.FLASH_IRQHandler                       0x0000021c   Section        0  interrupts_hc32l021.o(i.FLASH_IRQHandler)
    i.Flash_IRQHandler                       0x00000224   Section        0  interrupts_hc32l021.o(i.Flash_IRQHandler)
    i.GPIO_Init                              0x00000228   Section        0  gpio.o(i.GPIO_Init)
    i.GPIO_StcInit                           0x000003d8   Section        0  gpio.o(i.GPIO_StcInit)
    i.GpioConfig                             0x000003ec   Section        0  main.o(i.GpioConfig)
    GpioConfig                               0x000003ed   Thumb Code    52  main.o(i.GpioConfig)
    i.HSI2C_IRQHandler                       0x00000424   Section        0  interrupts_hc32l021.o(i.HSI2C_IRQHandler)
    i.HardFault_Handler                      0x0000042c   Section        0  interrupts_hc32l021.o(i.HardFault_Handler)
    i.Hsi2c_IRQHandler                       0x0000043c   Section        0  interrupts_hc32l021.o(i.Hsi2c_IRQHandler)
    i.IWDT_IRQHandler                        0x0000043e   Section        0  interrupts_hc32l021.o(i.IWDT_IRQHandler)
    i.Iwdt_IRQHandler                        0x00000446   Section        0  interrupts_hc32l021.o(i.Iwdt_IRQHandler)
    i.LPUART0_IRQHandler                     0x00000448   Section        0  interrupts_hc32l021.o(i.LPUART0_IRQHandler)
    i.LPUART1_IRQHandler                     0x00000450   Section        0  interrupts_hc32l021.o(i.LPUART1_IRQHandler)
    i.LVD_IRQHandler                         0x00000458   Section        0  interrupts_hc32l021.o(i.LVD_IRQHandler)
    i.LpUart0_IRQHandler                     0x00000460   Section        0  interrupts_hc32l021.o(i.LpUart0_IRQHandler)
    i.LpUart1_IRQHandler                     0x00000462   Section        0  interrupts_hc32l021.o(i.LpUart1_IRQHandler)
    i.Lvd_IRQHandler                         0x00000464   Section        0  interrupts_hc32l021.o(i.Lvd_IRQHandler)
    i.PORTA_IRQHandler                       0x00000466   Section        0  interrupts_hc32l021.o(i.PORTA_IRQHandler)
    i.PORTB_IRQHandler                       0x0000046e   Section        0  interrupts_hc32l021.o(i.PORTB_IRQHandler)
    i.PortA_IRQHandler                       0x00000476   Section        0  interrupts_hc32l021.o(i.PortA_IRQHandler)
    i.PortB_IRQHandler                       0x00000478   Section        0  interrupts_hc32l021.o(i.PortB_IRQHandler)
    i.RTC_IRQHandler                         0x0000047a   Section        0  interrupts_hc32l021.o(i.RTC_IRQHandler)
    i.Rtc_IRQHandler                         0x00000482   Section        0  interrupts_hc32l021.o(i.Rtc_IRQHandler)
    i.SPI_IRQHandler                         0x00000484   Section        0  interrupts_hc32l021.o(i.SPI_IRQHandler)
    i.SYSCTRL_HclkFreqGet                    0x0000048c   Section        0  sysctrl.o(i.SYSCTRL_HclkFreqGet)
    i.SYSCTRL_PeriphClockEnable              0x00000548   Section        0  sysctrl.o(i.SYSCTRL_PeriphClockEnable)
    i.Spi_IRQHandler                         0x0000057c   Section        0  interrupts_hc32l021.o(i.Spi_IRQHandler)
    i.SysTick_Handler                        0x0000057e   Section        0  interrupts_hc32l021.o(i.SysTick_Handler)
    i.SysTick_IRQHandler                     0x00000586   Section        0  interrupts_hc32l021.o(i.SysTick_IRQHandler)
    i.SystemCoreClockUpdate                  0x00000588   Section        0  system_hc32l021.o(i.SystemCoreClockUpdate)
    i.SystemInit                             0x00000598   Section        0  system_hc32l021.o(i.SystemInit)
    i.VC0_IRQHandler                         0x000005ec   Section        0  interrupts_hc32l021.o(i.VC0_IRQHandler)
    i.VC1_IRQHandler                         0x000005f4   Section        0  interrupts_hc32l021.o(i.VC1_IRQHandler)
    i.Vc0_IRQHandler                         0x000005fc   Section        0  interrupts_hc32l021.o(i.Vc0_IRQHandler)
    i.Vc1_IRQHandler                         0x000005fe   Section        0  interrupts_hc32l021.o(i.Vc1_IRQHandler)
    i.__scatterload_copy                     0x00000600   Section       14  handlers.o(i.__scatterload_copy)
    i.__scatterload_null                     0x0000060e   Section        2  handlers.o(i.__scatterload_null)
    i.__scatterload_zeroinit                 0x00000610   Section       14  handlers.o(i.__scatterload_zeroinit)
    i.main                                   0x00000620   Section        0  main.o(i.main)
    .data                                    0x20000000   Section        4  system_hc32l021.o(.data)
    STACK                                    0x20000008   Section     1024  startup_hc32l021.o(STACK)

    Global Symbols

    Symbol Name                              Value     Ov Type        Size  Object(Section)

    BuildAttributes$$THM_ISAv3M$S$PE$A:L22$X:L11$S22$IEEE1$IW$USESV6$~STKCKD$USESV7$~SHL$OSPACE$EBA8$MICROLIB$REQ8$PRES8$EABIv2 0x00000000   Number         0  anon$$obj.o ABSOLUTE
    __ARM_use_no_argv                        0x00000000   Number         0  main.o ABSOLUTE
    __Vectors                                0x00000000   Data           0  startup_hc32l021.o(RESET)
    __arm_fini_                               - Undefined Weak Reference
    __cpp_initialize__aeabi_                  - Undefined Weak Reference
    __cxa_finalize                            - Undefined Weak Reference
    __decompress                              - Undefined Weak Reference
    _clock_init                               - Undefined Weak Reference
    _microlib_exit                            - Undefined Weak Reference
    __Vectors_End                            0x000000c0   Data           0  startup_hc32l021.o(RESET)
    __Vectors_Size                           0x000000c0   Number         0  startup_hc32l021.o ABSOLUTE
    __main                                   0x000000c1   Thumb Code     0  entry.o(.ARM.Collect$$$$00000000)
    _main_stk                                0x000000c1   Thumb Code     0  entry2.o(.ARM.Collect$$$$00000001)
    _main_scatterload                        0x000000c5   Thumb Code     0  entry5.o(.ARM.Collect$$$$00000004)
    __main_after_scatterload                 0x000000c9   Thumb Code     0  entry5.o(.ARM.Collect$$$$00000004)
    _main_clock                              0x000000c9   Thumb Code     0  entry7b.o(.ARM.Collect$$$$00000008)
    _main_cpp_init                           0x000000c9   Thumb Code     0  entry8b.o(.ARM.Collect$$$$0000000A)
    _main_init                               0x000000c9   Thumb Code     0  entry9a.o(.ARM.Collect$$$$0000000B)
    __rt_lib_shutdown_fini                   0x000000d1   Thumb Code     0  entry12b.o(.ARM.Collect$$$$0000000E)
    __rt_final_cpp                           0x000000d5   Thumb Code     0  entry10a.o(.ARM.Collect$$$$0000000F)
    __rt_final_exit                          0x000000d5   Thumb Code     0  entry11a.o(.ARM.Collect$$$$00000011)
    Reset_Handler                            0x000000d9   Thumb Code    26  startup_hc32l021.o(.text)
    NMI_Handler                              0x000000f3   Thumb Code     2  startup_hc32l021.o(.text)
    SVC_Handler                              0x000000f7   Thumb Code     2  startup_hc32l021.o(.text)
    PendSV_Handler                           0x000000f9   Thumb Code     2  startup_hc32l021.o(.text)
    __aeabi_uidiv                            0x00000115   Thumb Code     0  uidiv.o(.text)
    __aeabi_uidivmod                         0x00000115   Thumb Code    44  uidiv.o(.text)
    __aeabi_memset                           0x00000141   Thumb Code    14  memseta.o(.text)
    __aeabi_memset4                          0x00000141   Thumb Code     0  memseta.o(.text)
    __aeabi_memset8                          0x00000141   Thumb Code     0  memseta.o(.text)
    __aeabi_memclr                           0x0000014f   Thumb Code     4  memseta.o(.text)
    __aeabi_memclr4                          0x0000014f   Thumb Code     0  memseta.o(.text)
    __aeabi_memclr8                          0x0000014f   Thumb Code     0  memseta.o(.text)
    _memset$wrapper                          0x00000153   Thumb Code    18  memseta.o(.text)
    __scatterload                            0x00000165   Thumb Code    28  init.o(.text)
    __scatterload_rt2                        0x00000165   Thumb Code     0  init.o(.text)
    main                                     0x00000189   Thumb Code    14  system_hc32l021.o(i.$Sub$$main)
    ADC_IRQHandler                           0x00000197   Thumb Code     8  interrupts_hc32l021.o(i.ADC_IRQHandler)
    ATIM3_IRQHandler                         0x0000019f   Thumb Code     8  interrupts_hc32l021.o(i.ATIM3_IRQHandler)
    Adc_IRQHandler                           0x000001a7   Thumb Code     2  interrupts_hc32l021.o(i.Adc_IRQHandler)
    Atim3_IRQHandler                         0x000001a9   Thumb Code     2  interrupts_hc32l021.o(i.Atim3_IRQHandler)
    CTIM0_IRQHandler                         0x000001ab   Thumb Code     8  interrupts_hc32l021.o(i.CTIM0_IRQHandler)
    CTIM1_IRQHandler                         0x000001b3   Thumb Code     8  interrupts_hc32l021.o(i.CTIM1_IRQHandler)
    CTRIM_CLKDET_IRQHandler                  0x000001bb   Thumb Code     8  interrupts_hc32l021.o(i.CTRIM_CLKDET_IRQHandler)
    Ctim0_IRQHandler                         0x000001c3   Thumb Code     2  interrupts_hc32l021.o(i.Ctim0_IRQHandler)
    Ctim1_IRQHandler                         0x000001c5   Thumb Code     2  interrupts_hc32l021.o(i.Ctim1_IRQHandler)
    Ctrim_Clkdet_IRQHandler                  0x000001c7   Thumb Code     2  interrupts_hc32l021.o(i.Ctrim_Clkdet_IRQHandler)
    DDL_Delay1ms                             0x000001c9   Thumb Code    74  ddl.o(i.DDL_Delay1ms)
    FLASH_IRQHandler                         0x0000021d   Thumb Code     8  interrupts_hc32l021.o(i.FLASH_IRQHandler)
    Flash_IRQHandler                         0x00000225   Thumb Code     2  interrupts_hc32l021.o(i.Flash_IRQHandler)
    GPIO_Init                                0x00000229   Thumb Code   426  gpio.o(i.GPIO_Init)
    GPIO_StcInit                             0x000003d9   Thumb Code    18  gpio.o(i.GPIO_StcInit)
    HSI2C_IRQHandler                         0x00000425   Thumb Code     8  interrupts_hc32l021.o(i.HSI2C_IRQHandler)
    HardFault_Handler                        0x0000042d   Thumb Code    16  interrupts_hc32l021.o(i.HardFault_Handler)
    Hsi2c_IRQHandler                         0x0000043d   Thumb Code     2  interrupts_hc32l021.o(i.Hsi2c_IRQHandler)
    IWDT_IRQHandler                          0x0000043f   Thumb Code     8  interrupts_hc32l021.o(i.IWDT_IRQHandler)
    Iwdt_IRQHandler                          0x00000447   Thumb Code     2  interrupts_hc32l021.o(i.Iwdt_IRQHandler)
    LPUART0_IRQHandler                       0x00000449   Thumb Code     8  interrupts_hc32l021.o(i.LPUART0_IRQHandler)
    LPUART1_IRQHandler                       0x00000451   Thumb Code     8  interrupts_hc32l021.o(i.LPUART1_IRQHandler)
    LVD_IRQHandler                           0x00000459   Thumb Code     8  interrupts_hc32l021.o(i.LVD_IRQHandler)
    LpUart0_IRQHandler                       0x00000461   Thumb Code     2  interrupts_hc32l021.o(i.LpUart0_IRQHandler)
    LpUart1_IRQHandler                       0x00000463   Thumb Code     2  interrupts_hc32l021.o(i.LpUart1_IRQHandler)
    Lvd_IRQHandler                           0x00000465   Thumb Code     2  interrupts_hc32l021.o(i.Lvd_IRQHandler)
    PORTA_IRQHandler                         0x00000467   Thumb Code     8  interrupts_hc32l021.o(i.PORTA_IRQHandler)
    PORTB_IRQHandler                         0x0000046f   Thumb Code     8  interrupts_hc32l021.o(i.PORTB_IRQHandler)
    PortA_IRQHandler                         0x00000477   Thumb Code     2  interrupts_hc32l021.o(i.PortA_IRQHandler)
    PortB_IRQHandler                         0x00000479   Thumb Code     2  interrupts_hc32l021.o(i.PortB_IRQHandler)
    RTC_IRQHandler                           0x0000047b   Thumb Code     8  interrupts_hc32l021.o(i.RTC_IRQHandler)
    Rtc_IRQHandler                           0x00000483   Thumb Code     2  interrupts_hc32l021.o(i.Rtc_IRQHandler)
    SPI_IRQHandler                           0x00000485   Thumb Code     8  interrupts_hc32l021.o(i.SPI_IRQHandler)
    SYSCTRL_HclkFreqGet                      0x0000048d   Thumb Code   160  sysctrl.o(i.SYSCTRL_HclkFreqGet)
    SYSCTRL_PeriphClockEnable                0x00000549   Thumb Code    48  sysctrl.o(i.SYSCTRL_PeriphClockEnable)
    Spi_IRQHandler                           0x0000057d   Thumb Code     2  interrupts_hc32l021.o(i.Spi_IRQHandler)
    SysTick_Handler                          0x0000057f   Thumb Code     8  interrupts_hc32l021.o(i.SysTick_Handler)
    SysTick_IRQHandler                       0x00000587   Thumb Code     2  interrupts_hc32l021.o(i.SysTick_IRQHandler)
    SystemCoreClockUpdate                    0x00000589   Thumb Code    12  system_hc32l021.o(i.SystemCoreClockUpdate)
    SystemInit                               0x00000599   Thumb Code    54  system_hc32l021.o(i.SystemInit)
    VC0_IRQHandler                           0x000005ed   Thumb Code     8  interrupts_hc32l021.o(i.VC0_IRQHandler)
    VC1_IRQHandler                           0x000005f5   Thumb Code     8  interrupts_hc32l021.o(i.VC1_IRQHandler)
    Vc0_IRQHandler                           0x000005fd   Thumb Code     2  interrupts_hc32l021.o(i.Vc0_IRQHandler)
    Vc1_IRQHandler                           0x000005ff   Thumb Code     2  interrupts_hc32l021.o(i.Vc1_IRQHandler)
    __scatterload_copy                       0x00000601   Thumb Code    14  handlers.o(i.__scatterload_copy)
    __scatterload_null                       0x0000060f   Thumb Code     2  handlers.o(i.__scatterload_null)
    __scatterload_zeroinit                   0x00000611   Thumb Code    14  handlers.o(i.__scatterload_zeroinit)
    $Super$$main                             0x00000621   Thumb Code    36  main.o(i.main)
    Region$$Table$$Base                      0x00000648   Number         0  anon$$obj.o(Region$$Table)
    Region$$Table$$Limit                     0x00000668   Number         0  anon$$obj.o(Region$$Table)
    SystemCoreClock                          0x20000000   Data           4  system_hc32l021.o(.data)
    __initial_sp                             0x20000408   Data           0  startup_hc32l021.o(STACK)



==============================================================================

Memory Map of the image

  Image Entry point : 0x000000c1

  Load Region LR_IROM1 (Base: 0x00000000, Size: 0x0000066c, Max: 0x00010000, ABSOLUTE)

    Execution Region ER_IROM1 (Exec base: 0x00000000, Load base: 0x00000000, Size: 0x00000668, Max: 0x00010000, ABSOLUTE)

    Exec Addr    Load Addr    Size         Type   Attr      Idx    E Section Name        Object

    0x00000000   0x00000000   0x000000c0   Data   RO            3    RESET               startup_hc32l021.o
    0x000000c0   0x000000c0   0x00000000   Code   RO          696  * .ARM.Collect$$$$00000000  mc_p.l(entry.o)
    0x000000c0   0x000000c0   0x00000004   Code   RO          707    .ARM.Collect$$$$00000001  mc_p.l(entry2.o)
    0x000000c4   0x000000c4   0x00000004   Code   RO          710    .ARM.Collect$$$$00000004  mc_p.l(entry5.o)
    0x000000c8   0x000000c8   0x00000000   Code   RO          712    .ARM.Collect$$$$00000008  mc_p.l(entry7b.o)
    0x000000c8   0x000000c8   0x00000000   Code   RO          714    .ARM.Collect$$$$0000000A  mc_p.l(entry8b.o)
    0x000000c8   0x000000c8   0x00000008   Code   RO          715    .ARM.Collect$$$$0000000B  mc_p.l(entry9a.o)
    0x000000d0   0x000000d0   0x00000004   Code   RO          722    .ARM.Collect$$$$0000000E  mc_p.l(entry12b.o)
    0x000000d4   0x000000d4   0x00000000   Code   RO          717    .ARM.Collect$$$$0000000F  mc_p.l(entry10a.o)
    0x000000d4   0x000000d4   0x00000000   Code   RO          719    .ARM.Collect$$$$00000011  mc_p.l(entry11a.o)
    0x000000d4   0x000000d4   0x00000004   Code   RO          708    .ARM.Collect$$$$00002712  mc_p.l(entry2.o)
    0x000000d8   0x000000d8   0x0000003c   Code   RO            4    .text               startup_hc32l021.o
    0x00000114   0x00000114   0x0000002c   Code   RO          699    .text               mc_p.l(uidiv.o)
    0x00000140   0x00000140   0x00000024   Code   RO          703    .text               mc_p.l(memseta.o)
    0x00000164   0x00000164   0x00000024   Code   RO          723    .text               mc_p.l(init.o)
    0x00000188   0x00000188   0x0000000e   Code   RO           12    i.$Sub$$main        system_hc32l021.o
    0x00000196   0x00000196   0x00000008   Code   RO          100    i.ADC_IRQHandler    interrupts_hc32l021.o
    0x0000019e   0x0000019e   0x00000008   Code   RO          101    i.ATIM3_IRQHandler  interrupts_hc32l021.o
    0x000001a6   0x000001a6   0x00000002   Code   RO          102    i.Adc_IRQHandler    interrupts_hc32l021.o
    0x000001a8   0x000001a8   0x00000002   Code   RO          103    i.Atim3_IRQHandler  interrupts_hc32l021.o
    0x000001aa   0x000001aa   0x00000008   Code   RO          104    i.CTIM0_IRQHandler  interrupts_hc32l021.o
    0x000001b2   0x000001b2   0x00000008   Code   RO          105    i.CTIM1_IRQHandler  interrupts_hc32l021.o
    0x000001ba   0x000001ba   0x00000008   Code   RO          106    i.CTRIM_CLKDET_IRQHandler  interrupts_hc32l021.o
    0x000001c2   0x000001c2   0x00000002   Code   RO          107    i.Ctim0_IRQHandler  interrupts_hc32l021.o
    0x000001c4   0x000001c4   0x00000002   Code   RO          108    i.Ctim1_IRQHandler  interrupts_hc32l021.o
    0x000001c6   0x000001c6   0x00000002   Code   RO          109    i.Ctrim_Clkdet_IRQHandler  interrupts_hc32l021.o
    0x000001c8   0x000001c8   0x00000054   Code   RO          416    i.DDL_Delay1ms      ddl.o
    0x0000021c   0x0000021c   0x00000008   Code   RO          111    i.FLASH_IRQHandler  interrupts_hc32l021.o
    0x00000224   0x00000224   0x00000002   Code   RO          112    i.Flash_IRQHandler  interrupts_hc32l021.o
    0x00000226   0x00000226   0x00000002   PAD
    0x00000228   0x00000228   0x000001b0   Code   RO          660    i.GPIO_Init         gpio.o
    0x000003d8   0x000003d8   0x00000012   Code   RO          663    i.GPIO_StcInit      gpio.o
    0x000003ea   0x000003ea   0x00000002   PAD
    0x000003ec   0x000003ec   0x00000038   Code   RO          389    i.GpioConfig        main.o
    0x00000424   0x00000424   0x00000008   Code   RO          113    i.HSI2C_IRQHandler  interrupts_hc32l021.o
    0x0000042c   0x0000042c   0x00000010   Code   RO          114    i.HardFault_Handler  interrupts_hc32l021.o
    0x0000043c   0x0000043c   0x00000002   Code   RO          115    i.Hsi2c_IRQHandler  interrupts_hc32l021.o
    0x0000043e   0x0000043e   0x00000008   Code   RO          116    i.IWDT_IRQHandler   interrupts_hc32l021.o
    0x00000446   0x00000446   0x00000002   Code   RO          117    i.Iwdt_IRQHandler   interrupts_hc32l021.o
    0x00000448   0x00000448   0x00000008   Code   RO          118    i.LPUART0_IRQHandler  interrupts_hc32l021.o
    0x00000450   0x00000450   0x00000008   Code   RO          119    i.LPUART1_IRQHandler  interrupts_hc32l021.o
    0x00000458   0x00000458   0x00000008   Code   RO          120    i.LVD_IRQHandler    interrupts_hc32l021.o
    0x00000460   0x00000460   0x00000002   Code   RO          121    i.LpUart0_IRQHandler  interrupts_hc32l021.o
    0x00000462   0x00000462   0x00000002   Code   RO          122    i.LpUart1_IRQHandler  interrupts_hc32l021.o
    0x00000464   0x00000464   0x00000002   Code   RO          123    i.Lvd_IRQHandler    interrupts_hc32l021.o
    0x00000466   0x00000466   0x00000008   Code   RO          124    i.PORTA_IRQHandler  interrupts_hc32l021.o
    0x0000046e   0x0000046e   0x00000008   Code   RO          125    i.PORTB_IRQHandler  interrupts_hc32l021.o
    0x00000476   0x00000476   0x00000002   Code   RO          126    i.PortA_IRQHandler  interrupts_hc32l021.o
    0x00000478   0x00000478   0x00000002   Code   RO          127    i.PortB_IRQHandler  interrupts_hc32l021.o
    0x0000047a   0x0000047a   0x00000008   Code   RO          128    i.RTC_IRQHandler    interrupts_hc32l021.o
    0x00000482   0x00000482   0x00000002   Code   RO          129    i.Rtc_IRQHandler    interrupts_hc32l021.o
    0x00000484   0x00000484   0x00000008   Code   RO          130    i.SPI_IRQHandler    interrupts_hc32l021.o
    0x0000048c   0x0000048c   0x000000bc   Code   RO          468    i.SYSCTRL_HclkFreqGet  sysctrl.o
    0x00000548   0x00000548   0x00000034   Code   RO          470    i.SYSCTRL_PeriphClockEnable  sysctrl.o
    0x0000057c   0x0000057c   0x00000002   Code   RO          131    i.Spi_IRQHandler    interrupts_hc32l021.o
    0x0000057e   0x0000057e   0x00000008   Code   RO          132    i.SysTick_Handler   interrupts_hc32l021.o
    0x00000586   0x00000586   0x00000002   Code   RO          133    i.SysTick_IRQHandler  interrupts_hc32l021.o
    0x00000588   0x00000588   0x00000010   Code   RO           13    i.SystemCoreClockUpdate  system_hc32l021.o
    0x00000598   0x00000598   0x00000054   Code   RO           14    i.SystemInit        system_hc32l021.o
    0x000005ec   0x000005ec   0x00000008   Code   RO          134    i.VC0_IRQHandler    interrupts_hc32l021.o
    0x000005f4   0x000005f4   0x00000008   Code   RO          135    i.VC1_IRQHandler    interrupts_hc32l021.o
    0x000005fc   0x000005fc   0x00000002   Code   RO          136    i.Vc0_IRQHandler    interrupts_hc32l021.o
    0x000005fe   0x000005fe   0x00000002   Code   RO          137    i.Vc1_IRQHandler    interrupts_hc32l021.o
    0x00000600   0x00000600   0x0000000e   Code   RO          727    i.__scatterload_copy  mc_p.l(handlers.o)
    0x0000060e   0x0000060e   0x00000002   Code   RO          728    i.__scatterload_null  mc_p.l(handlers.o)
    0x00000610   0x00000610   0x0000000e   Code   RO          729    i.__scatterload_zeroinit  mc_p.l(handlers.o)
    0x0000061e   0x0000061e   0x00000002   PAD
    0x00000620   0x00000620   0x00000028   Code   RO          390    i.main              main.o
    0x00000648   0x00000648   0x00000020   Data   RO          725    Region$$Table       anon$$obj.o


    Execution Region RW_IRAM1 (Exec base: 0x20000000, Load base: 0x00000668, Size: 0x00000408, Max: 0x00001800, ABSOLUTE)

    Exec Addr    Load Addr    Size         Type   Attr      Idx    E Section Name        Object

    0x20000000   0x00000668   0x00000004   Data   RW           15    .data               system_hc32l021.o
    0x20000004   0x0000066c   0x00000004   PAD
    0x20000008        -       0x00000400   Zero   RW            1    STACK               startup_hc32l021.o


==============================================================================

Image component sizes


      Code (inc. data)   RO Data    RW Data    ZI Data      Debug   Object Name

         0          0          0          0          0      26048   board_stkhc32l021.o
        84         10          0          0          0        699   ddl.o
       450          6          0          0          0       1735   gpio.o
       196          0          0          0          0      19365   interrupts_hc32l021.o
        96          8          0          0          0        971   main.o
        60         22        192          0       1024        668   startup_hc32l021.o
       240         32          0          0          0       1246   sysctrl.o
       114         34          0          4          0     190356   system_hc32l021.o

    ----------------------------------------------------------------------
      1244        112        224          4       1028     241088   Object Totals
         0          0         32          0          0          0   (incl. Generated)
         4          0          0          0          4          0   (incl. Padding)

    ----------------------------------------------------------------------

      Code (inc. data)   RO Data    RW Data    ZI Data      Debug   Library Member Name

         0          0          0          0          0          0   entry.o
         0          0          0          0          0          0   entry10a.o
         0          0          0          0          0          0   entry11a.o
         4          0          0          0          0          0   entry12b.o
         8          4          0          0          0          0   entry2.o
         4          0          0          0          0          0   entry5.o
         0          0          0          0          0          0   entry7b.o
         0          0          0          0          0          0   entry8b.o
         8          4          0          0          0          0   entry9a.o
        30          0          0          0          0          0   handlers.o
        36          8          0          0          0         68   init.o
        36          0          0          0          0        100   memseta.o
        44          0          0          0          0         72   uidiv.o

    ----------------------------------------------------------------------
       172         16          0          0          0        240   Library Totals
         2          0          0          0          0          0   (incl. Padding)

    ----------------------------------------------------------------------

      Code (inc. data)   RO Data    RW Data    ZI Data      Debug   Library Name

       170         16          0          0          0        240   mc_p.l

    ----------------------------------------------------------------------
       172         16          0          0          0        240   Library Totals

    ----------------------------------------------------------------------

==============================================================================


      Code (inc. data)   RO Data    RW Data    ZI Data      Debug   

      1416        128        224          4       1028     239544   Grand Totals
      1416        128        224          4       1028     239544   ELF Image Totals
      1416        128        224          4          0          0   ROM Totals

==============================================================================

    Total RO  Size (Code + RO Data)                 1640 (   1.60kB)
    Total RW  Size (RW Data + ZI Data)              1032 (   1.01kB)
    Total ROM Size (Code + RO Data + RW Data)       1644 (   1.61kB)

==============================================================================

