Component: ARM Compiler 5.06 update 7 (build 960) Tool: armlink [4d3601]

==============================================================================

Image Symbol Table

    Local Symbols

    Symbol Name                              Value     Ov Type        Size  Object(Section)

    RESET                                    0x00000000   Section      192  startup_hc32l021.o(RESET)
    ../clib/microlib/division.c              0x00000000   Number         0  uidiv.o ABSOLUTE
    ../clib/microlib/init/entry.s            0x00000000   Number         0  entry12a.o ABSOLUTE
    ../clib/microlib/init/entry.s            0x00000000   Number         0  entry7a.o ABSOLUTE
    ../clib/microlib/init/entry.s            0x00000000   Number         0  entry11a.o ABSOLUTE
    ../clib/microlib/init/entry.s            0x00000000   Number         0  entry10b.o ABSOLUTE
    ../clib/microlib/init/entry.s            0x00000000   Number         0  entry10a.o ABSOLUTE
    ../clib/microlib/init/entry.s            0x00000000   Number         0  entry9b.o ABSOLUTE
    ../clib/microlib/init/entry.s            0x00000000   Number         0  entry9a.o ABSOLUTE
    ../clib/microlib/init/entry.s            0x00000000   Number         0  entry2.o ABSOLUTE
    ../clib/microlib/init/entry.s            0x00000000   Number         0  entry.o ABSOLUTE
    ../clib/microlib/init/entry.s            0x00000000   Number         0  entry8b.o ABSOLUTE
    ../clib/microlib/init/entry.s            0x00000000   Number         0  entry8a.o ABSOLUTE
    ../clib/microlib/init/entry.s            0x00000000   Number         0  entry5.o ABSOLUTE
    ../clib/microlib/init/entry.s            0x00000000   Number         0  entry12b.o ABSOLUTE
    ../clib/microlib/init/entry.s            0x00000000   Number         0  entry7b.o ABSOLUTE
    ../clib/microlib/init/entry.s            0x00000000   Number         0  entry11b.o ABSOLUTE
    ../clib/microlib/string/memcpy.c         0x00000000   Number         0  memcpyb.o ABSOLUTE
    ../clib/microlib/string/memcpy.c         0x00000000   Number         0  memcpya.o ABSOLUTE
    ../clib/microlib/string/memset.c         0x00000000   Number         0  memseta.o ABSOLUTE
    ..\..\..\..\driver\src\adc.c             0x00000000   Number         0  adc.o ABSOLUTE
    ..\..\..\..\driver\src\ddl.c             0x00000000   Number         0  ddl.o ABSOLUTE
    ..\..\..\..\driver\src\gpio.c            0x00000000   Number         0  gpio.o ABSOLUTE
    ..\..\..\..\driver\src\sysctrl.c         0x00000000   Number         0  sysctrl.o ABSOLUTE
    ..\..\..\..\mcu\common\board_stkhc32l021.c 0x00000000   Number         0  board_stkhc32l021.o ABSOLUTE
    ..\..\..\..\mcu\common\interrupts_hc32l021.c 0x00000000   Number         0  interrupts_hc32l021.o ABSOLUTE
    ..\..\..\..\mcu\common\system_hc32l021.c 0x00000000   Number         0  system_hc32l021.o ABSOLUTE
    ..\\..\\..\\..\\driver\\src\\adc.c       0x00000000   Number         0  adc.o ABSOLUTE
    ..\\..\\..\\..\\driver\\src\\ddl.c       0x00000000   Number         0  ddl.o ABSOLUTE
    ..\\..\\..\\..\\driver\\src\\gpio.c      0x00000000   Number         0  gpio.o ABSOLUTE
    ..\\..\\..\\..\\driver\\src\\sysctrl.c   0x00000000   Number         0  sysctrl.o ABSOLUTE
    ..\\..\\..\\..\\mcu\\common\\board_stkhc32l021.c 0x00000000   Number         0  board_stkhc32l021.o ABSOLUTE
    ..\\..\\..\\..\\mcu\\common\\interrupts_hc32l021.c 0x00000000   Number         0  interrupts_hc32l021.o ABSOLUTE
    ..\\..\\..\\..\\mcu\\common\\system_hc32l021.c 0x00000000   Number         0  system_hc32l021.o ABSOLUTE
    ..\\source\\main.c                       0x00000000   Number         0  main.o ABSOLUTE
    ..\source\main.c                         0x00000000   Number         0  main.o ABSOLUTE
    dc.s                                     0x00000000   Number         0  dc.o ABSOLUTE
    handlers.s                               0x00000000   Number         0  handlers.o ABSOLUTE
    init.s                                   0x00000000   Number         0  init.o ABSOLUTE
    startup_hc32l021.s                       0x00000000   Number         0  startup_hc32l021.o ABSOLUTE
    .ARM.Collect$$$$00000000                 0x000000c0   Section        0  entry.o(.ARM.Collect$$$$00000000)
    .ARM.Collect$$$$00000001                 0x000000c0   Section        4  entry2.o(.ARM.Collect$$$$00000001)
    .ARM.Collect$$$$00000004                 0x000000c4   Section        4  entry5.o(.ARM.Collect$$$$00000004)
    .ARM.Collect$$$$00000008                 0x000000c8   Section        0  entry7b.o(.ARM.Collect$$$$00000008)
    .ARM.Collect$$$$0000000A                 0x000000c8   Section        0  entry8b.o(.ARM.Collect$$$$0000000A)
    .ARM.Collect$$$$0000000B                 0x000000c8   Section        8  entry9a.o(.ARM.Collect$$$$0000000B)
    .ARM.Collect$$$$0000000E                 0x000000d0   Section        4  entry12b.o(.ARM.Collect$$$$0000000E)
    .ARM.Collect$$$$0000000F                 0x000000d4   Section        0  entry10a.o(.ARM.Collect$$$$0000000F)
    .ARM.Collect$$$$00000011                 0x000000d4   Section        0  entry11a.o(.ARM.Collect$$$$00000011)
    .ARM.Collect$$$$00002712                 0x000000d4   Section        4  entry2.o(.ARM.Collect$$$$00002712)
    __lit__00000000                          0x000000d4   Data           4  entry2.o(.ARM.Collect$$$$00002712)
    .text                                    0x000000d8   Section       60  startup_hc32l021.o(.text)
    .text                                    0x00000114   Section        0  uidiv.o(.text)
    .text                                    0x00000140   Section        0  memseta.o(.text)
    .text                                    0x00000164   Section       36  init.o(.text)
    i.$Sub$$main                             0x00000188   Section        0  system_hc32l021.o(i.$Sub$$main)
    i.ADC_ConfigSqrCh                        0x00000198   Section        0  adc.o(i.ADC_ConfigSqrCh)
    i.ADC_Enable                             0x00000220   Section        0  adc.o(i.ADC_Enable)
    i.ADC_IRQHandler                         0x0000023c   Section        0  interrupts_hc32l021.o(i.ADC_IRQHandler)
    i.ADC_IntEnable                          0x00000244   Section        0  adc.o(i.ADC_IntEnable)
    i.ADC_IntFlagClear                       0x00000258   Section        0  adc.o(i.ADC_IntFlagClear)
    i.ADC_IntFlagGet                         0x00000268   Section        0  adc.o(i.ADC_IntFlagGet)
    i.ADC_SqrInit                            0x00000280   Section        0  adc.o(i.ADC_SqrInit)
    i.ADC_SqrResultGet                       0x000002e0   Section        0  adc.o(i.ADC_SqrResultGet)
    i.ADC_SqrStart                           0x000002f0   Section        0  adc.o(i.ADC_SqrStart)
    i.ADC_SqrStcInit                         0x00000304   Section        0  adc.o(i.ADC_SqrStcInit)
    i.ATIM3_IRQHandler                       0x0000031e   Section        0  interrupts_hc32l021.o(i.ATIM3_IRQHandler)
    i.AdcConfig                              0x00000328   Section        0  main.o(i.AdcConfig)
    AdcConfig                                0x00000329   Thumb Code   134  main.o(i.AdcConfig)
    i.Adc_IRQHandler                         0x000003b4   Section        0  main.o(i.Adc_IRQHandler)
    i.Atim3_IRQHandler                       0x000003f4   Section        0  interrupts_hc32l021.o(i.Atim3_IRQHandler)
    i.CTIM0_IRQHandler                       0x000003f6   Section        0  interrupts_hc32l021.o(i.CTIM0_IRQHandler)
    i.CTIM1_IRQHandler                       0x000003fe   Section        0  interrupts_hc32l021.o(i.CTIM1_IRQHandler)
    i.CTRIM_CLKDET_IRQHandler                0x00000406   Section        0  interrupts_hc32l021.o(i.CTRIM_CLKDET_IRQHandler)
    i.Ctim0_IRQHandler                       0x0000040e   Section        0  interrupts_hc32l021.o(i.Ctim0_IRQHandler)
    i.Ctim1_IRQHandler                       0x00000410   Section        0  interrupts_hc32l021.o(i.Ctim1_IRQHandler)
    i.Ctrim_Clkdet_IRQHandler                0x00000412   Section        0  interrupts_hc32l021.o(i.Ctrim_Clkdet_IRQHandler)
    i.DDL_Delay10us                          0x00000414   Section        0  ddl.o(i.DDL_Delay10us)
    i.DDL_Delay1ms                           0x00000464   Section        0  ddl.o(i.DDL_Delay1ms)
    i.EnableNvic                             0x000004b8   Section        0  interrupts_hc32l021.o(i.EnableNvic)
    i.FLASH_IRQHandler                       0x00000528   Section        0  interrupts_hc32l021.o(i.FLASH_IRQHandler)
    i.Flash_IRQHandler                       0x00000530   Section        0  interrupts_hc32l021.o(i.Flash_IRQHandler)
    i.HSI2C_IRQHandler                       0x00000532   Section        0  interrupts_hc32l021.o(i.HSI2C_IRQHandler)
    i.HardFault_Handler                      0x0000053a   Section        0  interrupts_hc32l021.o(i.HardFault_Handler)
    i.Hsi2c_IRQHandler                       0x0000054a   Section        0  interrupts_hc32l021.o(i.Hsi2c_IRQHandler)
    i.IWDT_IRQHandler                        0x0000054c   Section        0  interrupts_hc32l021.o(i.IWDT_IRQHandler)
    i.Iwdt_IRQHandler                        0x00000554   Section        0  interrupts_hc32l021.o(i.Iwdt_IRQHandler)
    i.LPUART0_IRQHandler                     0x00000556   Section        0  interrupts_hc32l021.o(i.LPUART0_IRQHandler)
    i.LPUART1_IRQHandler                     0x0000055e   Section        0  interrupts_hc32l021.o(i.LPUART1_IRQHandler)
    i.LVD_IRQHandler                         0x00000566   Section        0  interrupts_hc32l021.o(i.LVD_IRQHandler)
    i.LpUart0_IRQHandler                     0x0000056e   Section        0  interrupts_hc32l021.o(i.LpUart0_IRQHandler)
    i.LpUart1_IRQHandler                     0x00000570   Section        0  interrupts_hc32l021.o(i.LpUart1_IRQHandler)
    i.Lvd_IRQHandler                         0x00000572   Section        0  interrupts_hc32l021.o(i.Lvd_IRQHandler)
    i.PORTA_IRQHandler                       0x00000574   Section        0  interrupts_hc32l021.o(i.PORTA_IRQHandler)
    i.PORTB_IRQHandler                       0x0000057c   Section        0  interrupts_hc32l021.o(i.PORTB_IRQHandler)
    i.PortA_IRQHandler                       0x00000584   Section        0  interrupts_hc32l021.o(i.PortA_IRQHandler)
    i.PortB_IRQHandler                       0x00000586   Section        0  interrupts_hc32l021.o(i.PortB_IRQHandler)
    i.RTC_IRQHandler                         0x00000588   Section        0  interrupts_hc32l021.o(i.RTC_IRQHandler)
    i.Rtc_IRQHandler                         0x00000590   Section        0  interrupts_hc32l021.o(i.Rtc_IRQHandler)
    i.SPI_IRQHandler                         0x00000592   Section        0  interrupts_hc32l021.o(i.SPI_IRQHandler)
    i.SYSCTRL_HclkFreqGet                    0x0000059c   Section        0  sysctrl.o(i.SYSCTRL_HclkFreqGet)
    i.SYSCTRL_PeriphClockEnable              0x00000658   Section        0  sysctrl.o(i.SYSCTRL_PeriphClockEnable)
    i.Spi_IRQHandler                         0x0000068c   Section        0  interrupts_hc32l021.o(i.Spi_IRQHandler)
    i.SysTick_Handler                        0x0000068e   Section        0  interrupts_hc32l021.o(i.SysTick_Handler)
    i.SysTick_IRQHandler                     0x00000696   Section        0  interrupts_hc32l021.o(i.SysTick_IRQHandler)
    i.SystemCoreClockUpdate                  0x00000698   Section        0  system_hc32l021.o(i.SystemCoreClockUpdate)
    i.SystemInit                             0x000006a8   Section        0  system_hc32l021.o(i.SystemInit)
    i.VC0_IRQHandler                         0x000006fc   Section        0  interrupts_hc32l021.o(i.VC0_IRQHandler)
    i.VC1_IRQHandler                         0x00000704   Section        0  interrupts_hc32l021.o(i.VC1_IRQHandler)
    i.Vc0_IRQHandler                         0x0000070c   Section        0  interrupts_hc32l021.o(i.Vc0_IRQHandler)
    i.Vc1_IRQHandler                         0x0000070e   Section        0  interrupts_hc32l021.o(i.Vc1_IRQHandler)
    i.__NVIC_SetPriority                     0x00000710   Section        0  interrupts_hc32l021.o(i.__NVIC_SetPriority)
    __NVIC_SetPriority                       0x00000711   Thumb Code   110  interrupts_hc32l021.o(i.__NVIC_SetPriority)
    i.__scatterload_copy                     0x00000788   Section       14  handlers.o(i.__scatterload_copy)
    i.__scatterload_null                     0x00000796   Section        2  handlers.o(i.__scatterload_null)
    i.__scatterload_zeroinit                 0x00000798   Section       14  handlers.o(i.__scatterload_zeroinit)
    i.main                                   0x000007a6   Section        0  main.o(i.main)
    .data                                    0x20000000   Section        4  system_hc32l021.o(.data)
    .data                                    0x20000004   Section       12  main.o(.data)
    STACK                                    0x20000010   Section     1024  startup_hc32l021.o(STACK)

    Global Symbols

    Symbol Name                              Value     Ov Type        Size  Object(Section)

    BuildAttributes$$THM_ISAv3M$S$PE$A:L22$X:L11$S22$IEEE1$IW$USESV6$~STKCKD$USESV7$~SHL$OSPACE$EBA8$MICROLIB$REQ8$PRES8$EABIv2 0x00000000   Number         0  anon$$obj.o ABSOLUTE
    __ARM_use_no_argv                        0x00000000   Number         0  main.o ABSOLUTE
    __Vectors                                0x00000000   Data           0  startup_hc32l021.o(RESET)
    __arm_fini_                               - Undefined Weak Reference
    __cpp_initialize__aeabi_                  - Undefined Weak Reference
    __cxa_finalize                            - Undefined Weak Reference
    __decompress                              - Undefined Weak Reference
    _clock_init                               - Undefined Weak Reference
    _microlib_exit                            - Undefined Weak Reference
    __Vectors_End                            0x000000c0   Data           0  startup_hc32l021.o(RESET)
    __Vectors_Size                           0x000000c0   Number         0  startup_hc32l021.o ABSOLUTE
    __main                                   0x000000c1   Thumb Code     0  entry.o(.ARM.Collect$$$$00000000)
    _main_stk                                0x000000c1   Thumb Code     0  entry2.o(.ARM.Collect$$$$00000001)
    _main_scatterload                        0x000000c5   Thumb Code     0  entry5.o(.ARM.Collect$$$$00000004)
    __main_after_scatterload                 0x000000c9   Thumb Code     0  entry5.o(.ARM.Collect$$$$00000004)
    _main_clock                              0x000000c9   Thumb Code     0  entry7b.o(.ARM.Collect$$$$00000008)
    _main_cpp_init                           0x000000c9   Thumb Code     0  entry8b.o(.ARM.Collect$$$$0000000A)
    _main_init                               0x000000c9   Thumb Code     0  entry9a.o(.ARM.Collect$$$$0000000B)
    __rt_lib_shutdown_fini                   0x000000d1   Thumb Code     0  entry12b.o(.ARM.Collect$$$$0000000E)
    __rt_final_cpp                           0x000000d5   Thumb Code     0  entry10a.o(.ARM.Collect$$$$0000000F)
    __rt_final_exit                          0x000000d5   Thumb Code     0  entry11a.o(.ARM.Collect$$$$00000011)
    Reset_Handler                            0x000000d9   Thumb Code    26  startup_hc32l021.o(.text)
    NMI_Handler                              0x000000f3   Thumb Code     2  startup_hc32l021.o(.text)
    SVC_Handler                              0x000000f7   Thumb Code     2  startup_hc32l021.o(.text)
    PendSV_Handler                           0x000000f9   Thumb Code     2  startup_hc32l021.o(.text)
    __aeabi_uidiv                            0x00000115   Thumb Code     0  uidiv.o(.text)
    __aeabi_uidivmod                         0x00000115   Thumb Code    44  uidiv.o(.text)
    __aeabi_memset                           0x00000141   Thumb Code    14  memseta.o(.text)
    __aeabi_memset4                          0x00000141   Thumb Code     0  memseta.o(.text)
    __aeabi_memset8                          0x00000141   Thumb Code     0  memseta.o(.text)
    __aeabi_memclr                           0x0000014f   Thumb Code     4  memseta.o(.text)
    __aeabi_memclr4                          0x0000014f   Thumb Code     0  memseta.o(.text)
    __aeabi_memclr8                          0x0000014f   Thumb Code     0  memseta.o(.text)
    _memset$wrapper                          0x00000153   Thumb Code    18  memseta.o(.text)
    __scatterload                            0x00000165   Thumb Code    28  init.o(.text)
    __scatterload_rt2                        0x00000165   Thumb Code     0  init.o(.text)
    main                                     0x00000189   Thumb Code    14  system_hc32l021.o(i.$Sub$$main)
    ADC_ConfigSqrCh                          0x00000199   Thumb Code   130  adc.o(i.ADC_ConfigSqrCh)
    ADC_Enable                               0x00000221   Thumb Code    22  adc.o(i.ADC_Enable)
    ADC_IRQHandler                           0x0000023d   Thumb Code     8  interrupts_hc32l021.o(i.ADC_IRQHandler)
    ADC_IntEnable                            0x00000245   Thumb Code    16  adc.o(i.ADC_IntEnable)
    ADC_IntFlagClear                         0x00000259   Thumb Code    12  adc.o(i.ADC_IntFlagClear)
    ADC_IntFlagGet                           0x00000269   Thumb Code    20  adc.o(i.ADC_IntFlagGet)
    ADC_SqrInit                              0x00000281   Thumb Code    86  adc.o(i.ADC_SqrInit)
    ADC_SqrResultGet                         0x000002e1   Thumb Code    10  adc.o(i.ADC_SqrResultGet)
    ADC_SqrStart                             0x000002f1   Thumb Code    14  adc.o(i.ADC_SqrStart)
    ADC_SqrStcInit                           0x00000305   Thumb Code    26  adc.o(i.ADC_SqrStcInit)
    ATIM3_IRQHandler                         0x0000031f   Thumb Code     8  interrupts_hc32l021.o(i.ATIM3_IRQHandler)
    Adc_IRQHandler                           0x000003b5   Thumb Code    50  main.o(i.Adc_IRQHandler)
    Atim3_IRQHandler                         0x000003f5   Thumb Code     2  interrupts_hc32l021.o(i.Atim3_IRQHandler)
    CTIM0_IRQHandler                         0x000003f7   Thumb Code     8  interrupts_hc32l021.o(i.CTIM0_IRQHandler)
    CTIM1_IRQHandler                         0x000003ff   Thumb Code     8  interrupts_hc32l021.o(i.CTIM1_IRQHandler)
    CTRIM_CLKDET_IRQHandler                  0x00000407   Thumb Code     8  interrupts_hc32l021.o(i.CTRIM_CLKDET_IRQHandler)
    Ctim0_IRQHandler                         0x0000040f   Thumb Code     2  interrupts_hc32l021.o(i.Ctim0_IRQHandler)
    Ctim1_IRQHandler                         0x00000411   Thumb Code     2  interrupts_hc32l021.o(i.Ctim1_IRQHandler)
    Ctrim_Clkdet_IRQHandler                  0x00000413   Thumb Code     2  interrupts_hc32l021.o(i.Ctrim_Clkdet_IRQHandler)
    DDL_Delay10us                            0x00000415   Thumb Code    68  ddl.o(i.DDL_Delay10us)
    DDL_Delay1ms                             0x00000465   Thumb Code    74  ddl.o(i.DDL_Delay1ms)
    EnableNvic                               0x000004b9   Thumb Code   104  interrupts_hc32l021.o(i.EnableNvic)
    FLASH_IRQHandler                         0x00000529   Thumb Code     8  interrupts_hc32l021.o(i.FLASH_IRQHandler)
    Flash_IRQHandler                         0x00000531   Thumb Code     2  interrupts_hc32l021.o(i.Flash_IRQHandler)
    HSI2C_IRQHandler                         0x00000533   Thumb Code     8  interrupts_hc32l021.o(i.HSI2C_IRQHandler)
    HardFault_Handler                        0x0000053b   Thumb Code    16  interrupts_hc32l021.o(i.HardFault_Handler)
    Hsi2c_IRQHandler                         0x0000054b   Thumb Code     2  interrupts_hc32l021.o(i.Hsi2c_IRQHandler)
    IWDT_IRQHandler                          0x0000054d   Thumb Code     8  interrupts_hc32l021.o(i.IWDT_IRQHandler)
    Iwdt_IRQHandler                          0x00000555   Thumb Code     2  interrupts_hc32l021.o(i.Iwdt_IRQHandler)
    LPUART0_IRQHandler                       0x00000557   Thumb Code     8  interrupts_hc32l021.o(i.LPUART0_IRQHandler)
    LPUART1_IRQHandler                       0x0000055f   Thumb Code     8  interrupts_hc32l021.o(i.LPUART1_IRQHandler)
    LVD_IRQHandler                           0x00000567   Thumb Code     8  interrupts_hc32l021.o(i.LVD_IRQHandler)
    LpUart0_IRQHandler                       0x0000056f   Thumb Code     2  interrupts_hc32l021.o(i.LpUart0_IRQHandler)
    LpUart1_IRQHandler                       0x00000571   Thumb Code     2  interrupts_hc32l021.o(i.LpUart1_IRQHandler)
    Lvd_IRQHandler                           0x00000573   Thumb Code     2  interrupts_hc32l021.o(i.Lvd_IRQHandler)
    PORTA_IRQHandler                         0x00000575   Thumb Code     8  interrupts_hc32l021.o(i.PORTA_IRQHandler)
    PORTB_IRQHandler                         0x0000057d   Thumb Code     8  interrupts_hc32l021.o(i.PORTB_IRQHandler)
    PortA_IRQHandler                         0x00000585   Thumb Code     2  interrupts_hc32l021.o(i.PortA_IRQHandler)
    PortB_IRQHandler                         0x00000587   Thumb Code     2  interrupts_hc32l021.o(i.PortB_IRQHandler)
    RTC_IRQHandler                           0x00000589   Thumb Code     8  interrupts_hc32l021.o(i.RTC_IRQHandler)
    Rtc_IRQHandler                           0x00000591   Thumb Code     2  interrupts_hc32l021.o(i.Rtc_IRQHandler)
    SPI_IRQHandler                           0x00000593   Thumb Code     8  interrupts_hc32l021.o(i.SPI_IRQHandler)
    SYSCTRL_HclkFreqGet                      0x0000059d   Thumb Code   160  sysctrl.o(i.SYSCTRL_HclkFreqGet)
    SYSCTRL_PeriphClockEnable                0x00000659   Thumb Code    48  sysctrl.o(i.SYSCTRL_PeriphClockEnable)
    Spi_IRQHandler                           0x0000068d   Thumb Code     2  interrupts_hc32l021.o(i.Spi_IRQHandler)
    SysTick_Handler                          0x0000068f   Thumb Code     8  interrupts_hc32l021.o(i.SysTick_Handler)
    SysTick_IRQHandler                       0x00000697   Thumb Code     2  interrupts_hc32l021.o(i.SysTick_IRQHandler)
    SystemCoreClockUpdate                    0x00000699   Thumb Code    12  system_hc32l021.o(i.SystemCoreClockUpdate)
    SystemInit                               0x000006a9   Thumb Code    54  system_hc32l021.o(i.SystemInit)
    VC0_IRQHandler                           0x000006fd   Thumb Code     8  interrupts_hc32l021.o(i.VC0_IRQHandler)
    VC1_IRQHandler                           0x00000705   Thumb Code     8  interrupts_hc32l021.o(i.VC1_IRQHandler)
    Vc0_IRQHandler                           0x0000070d   Thumb Code     2  interrupts_hc32l021.o(i.Vc0_IRQHandler)
    Vc1_IRQHandler                           0x0000070f   Thumb Code     2  interrupts_hc32l021.o(i.Vc1_IRQHandler)
    __scatterload_copy                       0x00000789   Thumb Code    14  handlers.o(i.__scatterload_copy)
    __scatterload_null                       0x00000797   Thumb Code     2  handlers.o(i.__scatterload_null)
    __scatterload_zeroinit                   0x00000799   Thumb Code    14  handlers.o(i.__scatterload_zeroinit)
    $Super$$main                             0x000007a7   Thumb Code    20  main.o(i.main)
    Region$$Table$$Base                      0x000007bc   Number         0  anon$$obj.o(Region$$Table)
    Region$$Table$$Limit                     0x000007dc   Number         0  anon$$obj.o(Region$$Table)
    SystemCoreClock                          0x20000000   Data           4  system_hc32l021.o(.data)
    u32AdcResult2                            0x20000004   Data           4  main.o(.data)
    u32AdcResult3                            0x20000008   Data           4  main.o(.data)
    u32AdcResult5                            0x2000000c   Data           4  main.o(.data)
    __initial_sp                             0x20000410   Data           0  startup_hc32l021.o(STACK)



==============================================================================

Memory Map of the image

  Image Entry point : 0x000000c1

  Load Region LR_IROM1 (Base: 0x00000000, Size: 0x000007ec, Max: 0x00010000, ABSOLUTE)

    Execution Region ER_IROM1 (Exec base: 0x00000000, Load base: 0x00000000, Size: 0x000007dc, Max: 0x00010000, ABSOLUTE)

    Exec Addr    Load Addr    Size         Type   Attr      Idx    E Section Name        Object

    0x00000000   0x00000000   0x000000c0   Data   RO            3    RESET               startup_hc32l021.o
    0x000000c0   0x000000c0   0x00000000   Code   RO          800  * .ARM.Collect$$$$00000000  mc_p.l(entry.o)
    0x000000c0   0x000000c0   0x00000004   Code   RO          811    .ARM.Collect$$$$00000001  mc_p.l(entry2.o)
    0x000000c4   0x000000c4   0x00000004   Code   RO          814    .ARM.Collect$$$$00000004  mc_p.l(entry5.o)
    0x000000c8   0x000000c8   0x00000000   Code   RO          816    .ARM.Collect$$$$00000008  mc_p.l(entry7b.o)
    0x000000c8   0x000000c8   0x00000000   Code   RO          818    .ARM.Collect$$$$0000000A  mc_p.l(entry8b.o)
    0x000000c8   0x000000c8   0x00000008   Code   RO          819    .ARM.Collect$$$$0000000B  mc_p.l(entry9a.o)
    0x000000d0   0x000000d0   0x00000004   Code   RO          826    .ARM.Collect$$$$0000000E  mc_p.l(entry12b.o)
    0x000000d4   0x000000d4   0x00000000   Code   RO          821    .ARM.Collect$$$$0000000F  mc_p.l(entry10a.o)
    0x000000d4   0x000000d4   0x00000000   Code   RO          823    .ARM.Collect$$$$00000011  mc_p.l(entry11a.o)
    0x000000d4   0x000000d4   0x00000004   Code   RO          812    .ARM.Collect$$$$00002712  mc_p.l(entry2.o)
    0x000000d8   0x000000d8   0x0000003c   Code   RO            4    .text               startup_hc32l021.o
    0x00000114   0x00000114   0x0000002c   Code   RO          803    .text               mc_p.l(uidiv.o)
    0x00000140   0x00000140   0x00000024   Code   RO          807    .text               mc_p.l(memseta.o)
    0x00000164   0x00000164   0x00000024   Code   RO          827    .text               mc_p.l(init.o)
    0x00000188   0x00000188   0x0000000e   Code   RO           12    i.$Sub$$main        system_hc32l021.o
    0x00000196   0x00000196   0x00000002   PAD
    0x00000198   0x00000198   0x00000088   Code   RO          710    i.ADC_ConfigSqrCh   adc.o
    0x00000220   0x00000220   0x0000001c   Code   RO          712    i.ADC_Enable        adc.o
    0x0000023c   0x0000023c   0x00000008   Code   RO          100    i.ADC_IRQHandler    interrupts_hc32l021.o
    0x00000244   0x00000244   0x00000014   Code   RO          716    i.ADC_IntEnable     adc.o
    0x00000258   0x00000258   0x00000010   Code   RO          717    i.ADC_IntFlagClear  adc.o
    0x00000268   0x00000268   0x00000018   Code   RO          718    i.ADC_IntFlagGet    adc.o
    0x00000280   0x00000280   0x00000060   Code   RO          719    i.ADC_SqrInit       adc.o
    0x000002e0   0x000002e0   0x00000010   Code   RO          720    i.ADC_SqrResultGet  adc.o
    0x000002f0   0x000002f0   0x00000014   Code   RO          721    i.ADC_SqrStart      adc.o
    0x00000304   0x00000304   0x0000001a   Code   RO          722    i.ADC_SqrStcInit    adc.o
    0x0000031e   0x0000031e   0x00000008   Code   RO          101    i.ATIM3_IRQHandler  interrupts_hc32l021.o
    0x00000326   0x00000326   0x00000002   PAD
    0x00000328   0x00000328   0x0000008c   Code   RO          389    i.AdcConfig         main.o
    0x000003b4   0x000003b4   0x00000040   Code   RO          390    i.Adc_IRQHandler    main.o
    0x000003f4   0x000003f4   0x00000002   Code   RO          103    i.Atim3_IRQHandler  interrupts_hc32l021.o
    0x000003f6   0x000003f6   0x00000008   Code   RO          104    i.CTIM0_IRQHandler  interrupts_hc32l021.o
    0x000003fe   0x000003fe   0x00000008   Code   RO          105    i.CTIM1_IRQHandler  interrupts_hc32l021.o
    0x00000406   0x00000406   0x00000008   Code   RO          106    i.CTRIM_CLKDET_IRQHandler  interrupts_hc32l021.o
    0x0000040e   0x0000040e   0x00000002   Code   RO          107    i.Ctim0_IRQHandler  interrupts_hc32l021.o
    0x00000410   0x00000410   0x00000002   Code   RO          108    i.Ctim1_IRQHandler  interrupts_hc32l021.o
    0x00000412   0x00000412   0x00000002   Code   RO          109    i.Ctrim_Clkdet_IRQHandler  interrupts_hc32l021.o
    0x00000414   0x00000414   0x00000050   Code   RO          427    i.DDL_Delay10us     ddl.o
    0x00000464   0x00000464   0x00000054   Code   RO          428    i.DDL_Delay1ms      ddl.o
    0x000004b8   0x000004b8   0x00000070   Code   RO          110    i.EnableNvic        interrupts_hc32l021.o
    0x00000528   0x00000528   0x00000008   Code   RO          111    i.FLASH_IRQHandler  interrupts_hc32l021.o
    0x00000530   0x00000530   0x00000002   Code   RO          112    i.Flash_IRQHandler  interrupts_hc32l021.o
    0x00000532   0x00000532   0x00000008   Code   RO          113    i.HSI2C_IRQHandler  interrupts_hc32l021.o
    0x0000053a   0x0000053a   0x00000010   Code   RO          114    i.HardFault_Handler  interrupts_hc32l021.o
    0x0000054a   0x0000054a   0x00000002   Code   RO          115    i.Hsi2c_IRQHandler  interrupts_hc32l021.o
    0x0000054c   0x0000054c   0x00000008   Code   RO          116    i.IWDT_IRQHandler   interrupts_hc32l021.o
    0x00000554   0x00000554   0x00000002   Code   RO          117    i.Iwdt_IRQHandler   interrupts_hc32l021.o
    0x00000556   0x00000556   0x00000008   Code   RO          118    i.LPUART0_IRQHandler  interrupts_hc32l021.o
    0x0000055e   0x0000055e   0x00000008   Code   RO          119    i.LPUART1_IRQHandler  interrupts_hc32l021.o
    0x00000566   0x00000566   0x00000008   Code   RO          120    i.LVD_IRQHandler    interrupts_hc32l021.o
    0x0000056e   0x0000056e   0x00000002   Code   RO          121    i.LpUart0_IRQHandler  interrupts_hc32l021.o
    0x00000570   0x00000570   0x00000002   Code   RO          122    i.LpUart1_IRQHandler  interrupts_hc32l021.o
    0x00000572   0x00000572   0x00000002   Code   RO          123    i.Lvd_IRQHandler    interrupts_hc32l021.o
    0x00000574   0x00000574   0x00000008   Code   RO          124    i.PORTA_IRQHandler  interrupts_hc32l021.o
    0x0000057c   0x0000057c   0x00000008   Code   RO          125    i.PORTB_IRQHandler  interrupts_hc32l021.o
    0x00000584   0x00000584   0x00000002   Code   RO          126    i.PortA_IRQHandler  interrupts_hc32l021.o
    0x00000586   0x00000586   0x00000002   Code   RO          127    i.PortB_IRQHandler  interrupts_hc32l021.o
    0x00000588   0x00000588   0x00000008   Code   RO          128    i.RTC_IRQHandler    interrupts_hc32l021.o
    0x00000590   0x00000590   0x00000002   Code   RO          129    i.Rtc_IRQHandler    interrupts_hc32l021.o
    0x00000592   0x00000592   0x00000008   Code   RO          130    i.SPI_IRQHandler    interrupts_hc32l021.o
    0x0000059a   0x0000059a   0x00000002   PAD
    0x0000059c   0x0000059c   0x000000bc   Code   RO          480    i.SYSCTRL_HclkFreqGet  sysctrl.o
    0x00000658   0x00000658   0x00000034   Code   RO          482    i.SYSCTRL_PeriphClockEnable  sysctrl.o
    0x0000068c   0x0000068c   0x00000002   Code   RO          131    i.Spi_IRQHandler    interrupts_hc32l021.o
    0x0000068e   0x0000068e   0x00000008   Code   RO          132    i.SysTick_Handler   interrupts_hc32l021.o
    0x00000696   0x00000696   0x00000002   Code   RO          133    i.SysTick_IRQHandler  interrupts_hc32l021.o
    0x00000698   0x00000698   0x00000010   Code   RO           13    i.SystemCoreClockUpdate  system_hc32l021.o
    0x000006a8   0x000006a8   0x00000054   Code   RO           14    i.SystemInit        system_hc32l021.o
    0x000006fc   0x000006fc   0x00000008   Code   RO          134    i.VC0_IRQHandler    interrupts_hc32l021.o
    0x00000704   0x00000704   0x00000008   Code   RO          135    i.VC1_IRQHandler    interrupts_hc32l021.o
    0x0000070c   0x0000070c   0x00000002   Code   RO          136    i.Vc0_IRQHandler    interrupts_hc32l021.o
    0x0000070e   0x0000070e   0x00000002   Code   RO          137    i.Vc1_IRQHandler    interrupts_hc32l021.o
    0x00000710   0x00000710   0x00000078   Code   RO          138    i.__NVIC_SetPriority  interrupts_hc32l021.o
    0x00000788   0x00000788   0x0000000e   Code   RO          831    i.__scatterload_copy  mc_p.l(handlers.o)
    0x00000796   0x00000796   0x00000002   Code   RO          832    i.__scatterload_null  mc_p.l(handlers.o)
    0x00000798   0x00000798   0x0000000e   Code   RO          833    i.__scatterload_zeroinit  mc_p.l(handlers.o)
    0x000007a6   0x000007a6   0x00000014   Code   RO          391    i.main              main.o
    0x000007ba   0x000007ba   0x00000002   PAD
    0x000007bc   0x000007bc   0x00000020   Data   RO          829    Region$$Table       anon$$obj.o


    Execution Region RW_IRAM1 (Exec base: 0x20000000, Load base: 0x000007dc, Size: 0x00000410, Max: 0x00001800, ABSOLUTE)

    Exec Addr    Load Addr    Size         Type   Attr      Idx    E Section Name        Object

    0x20000000   0x000007dc   0x00000004   Data   RW           15    .data               system_hc32l021.o
    0x20000004   0x000007e0   0x0000000c   Data   RW          392    .data               main.o
    0x20000010        -       0x00000400   Zero   RW            1    STACK               startup_hc32l021.o


==============================================================================

Image component sizes


      Code (inc. data)   RO Data    RW Data    ZI Data      Debug   Object Name

       382         46          0          0          0       5244   adc.o
       164         22          0          0          0       1379   ddl.o
       426         18          0          0          0      28549   interrupts_hc32l021.o
       224         20          0         12          0       4308   main.o
        60         22        192          0       1024        672   startup_hc32l021.o
       240         32          0          0          0       1254   sysctrl.o
       114         34          0          4          0     190900   system_hc32l021.o

    ----------------------------------------------------------------------
      1618        194        224         16       1024     232306   Object Totals
         0          0         32          0          0          0   (incl. Generated)
         8          0          0          0          0          0   (incl. Padding)

    ----------------------------------------------------------------------

      Code (inc. data)   RO Data    RW Data    ZI Data      Debug   Library Member Name

         0          0          0          0          0          0   entry.o
         0          0          0          0          0          0   entry10a.o
         0          0          0          0          0          0   entry11a.o
         4          0          0          0          0          0   entry12b.o
         8          4          0          0          0          0   entry2.o
         4          0          0          0          0          0   entry5.o
         0          0          0          0          0          0   entry7b.o
         0          0          0          0          0          0   entry8b.o
         8          4          0          0          0          0   entry9a.o
        30          0          0          0          0          0   handlers.o
        36          8          0          0          0         68   init.o
        36          0          0          0          0        100   memseta.o
        44          0          0          0          0         72   uidiv.o

    ----------------------------------------------------------------------
       170         16          0          0          0        240   Library Totals
         0          0          0          0          0          0   (incl. Padding)

    ----------------------------------------------------------------------

      Code (inc. data)   RO Data    RW Data    ZI Data      Debug   Library Name

       170         16          0          0          0        240   mc_p.l

    ----------------------------------------------------------------------
       170         16          0          0          0        240   Library Totals

    ----------------------------------------------------------------------

==============================================================================


      Code (inc. data)   RO Data    RW Data    ZI Data      Debug   

      1788        210        224         16       1024     230322   Grand Totals
      1788        210        224         16       1024     230322   ELF Image Totals
      1788        210        224         16          0          0   ROM Totals

==============================================================================

    Total RO  Size (Code + RO Data)                 2012 (   1.96kB)
    Total RW  Size (RW Data + ZI Data)              1040 (   1.02kB)
    Total ROM Size (Code + RO Data + RW Data)       2028 (   1.98kB)

==============================================================================

