Component: ARM Compiler 5.06 update 7 (build 960) Tool: armlink [4d3601]

==============================================================================

Section Cross References

    system_hc32l021.o(i.$Sub$$main) refers to system_hc32l021.o(i.SystemInit) for SystemInit
    system_hc32l021.o(i.$Sub$$main) refers to main.o(i.main) for $Super$$main
    startup_hc32l021.o(RESET) refers to startup_hc32l021.o(STACK) for __initial_sp
    startup_hc32l021.o(RESET) refers to startup_hc32l021.o(.text) for Reset_Handler
    startup_hc32l021.o(.text) refers to system_hc32l021.o(i.SystemInit) for SystemInit
    startup_hc32l021.o(.text) refers to entry.o(.ARM.Collect$$$$00000000) for __main
    entry.o(.ARM.Collect$$$$00000000) refers (Special) to entry10a.o(.ARM.Collect$$$$0000000F) for __rt_final_cpp
    entry.o(.ARM.Collect$$$$00000000) refers (Special) to entry11a.o(.ARM.Collect$$$$00000011) for __rt_final_exit
    entry.o(.ARM.Collect$$$$00000000) refers (Special) to entry12b.o(.ARM.Collect$$$$0000000E) for __rt_lib_shutdown_fini
    entry.o(.ARM.Collect$$$$00000000) refers (Special) to entry7b.o(.ARM.Collect$$$$00000008) for _main_clock
    entry.o(.ARM.Collect$$$$00000000) refers (Special) to entry8b.o(.ARM.Collect$$$$0000000A) for _main_cpp_init
    entry.o(.ARM.Collect$$$$00000000) refers (Special) to entry9a.o(.ARM.Collect$$$$0000000B) for _main_init
    entry.o(.ARM.Collect$$$$00000000) refers (Special) to entry5.o(.ARM.Collect$$$$00000004) for _main_scatterload
    entry.o(.ARM.Collect$$$$00000000) refers (Special) to entry2.o(.ARM.Collect$$$$00000001) for _main_stk
    entry2.o(.ARM.Collect$$$$00000001) refers to entry2.o(.ARM.Collect$$$$00002712) for __lit__00000000
    entry2.o(.ARM.Collect$$$$00002712) refers to startup_hc32l021.o(STACK) for __initial_sp
    entry2.o(__vectab_stack_and_reset_area) refers to startup_hc32l021.o(STACK) for __initial_sp
    entry2.o(__vectab_stack_and_reset_area) refers to entry.o(.ARM.Collect$$$$00000000) for __main
    entry5.o(.ARM.Collect$$$$00000004) refers to init.o(.text) for __scatterload
    entry9a.o(.ARM.Collect$$$$0000000B) refers to system_hc32l021.o(i.$Sub$$main) for main
    entry9b.o(.ARM.Collect$$$$0000000C) refers to system_hc32l021.o(i.$Sub$$main) for main
    init.o(.text) refers to entry5.o(.ARM.Collect$$$$00000004) for __main_after_scatterload


==============================================================================

Removing Unused input sections from the image.

    Removing system_hc32l021.o(.rev16_text), (4 bytes).
    Removing system_hc32l021.o(.revsh_text), (4 bytes).
    Removing system_hc32l021.o(i.SystemCoreClockUpdate), (2 bytes).
    Removing system_hc32l021.o(.data), (4 bytes).
    Removing startup_hc32l021.o(HEAP), (512 bytes).

5 unused section(s) (total 526 bytes) removed from the image.

==============================================================================

Image Symbol Table

    Local Symbols

    Symbol Name                              Value     Ov Type        Size  Object(Section)

    RESET                                    0x00000000   Section      192  startup_hc32l021.o(RESET)
    ../clib/microlib/init/entry.s            0x00000000   Number         0  entry.o ABSOLUTE
    ../clib/microlib/init/entry.s            0x00000000   Number         0  entry10a.o ABSOLUTE
    ../clib/microlib/init/entry.s            0x00000000   Number         0  entry9b.o ABSOLUTE
    ../clib/microlib/init/entry.s            0x00000000   Number         0  entry9a.o ABSOLUTE
    ../clib/microlib/init/entry.s            0x00000000   Number         0  entry8b.o ABSOLUTE
    ../clib/microlib/init/entry.s            0x00000000   Number         0  entry2.o ABSOLUTE
    ../clib/microlib/init/entry.s            0x00000000   Number         0  entry8a.o ABSOLUTE
    ../clib/microlib/init/entry.s            0x00000000   Number         0  entry5.o ABSOLUTE
    ../clib/microlib/init/entry.s            0x00000000   Number         0  entry7a.o ABSOLUTE
    ../clib/microlib/init/entry.s            0x00000000   Number         0  entry7b.o ABSOLUTE
    ../clib/microlib/init/entry.s            0x00000000   Number         0  entry10b.o ABSOLUTE
    ../clib/microlib/init/entry.s            0x00000000   Number         0  entry11a.o ABSOLUTE
    ../clib/microlib/init/entry.s            0x00000000   Number         0  entry11b.o ABSOLUTE
    ../clib/microlib/init/entry.s            0x00000000   Number         0  entry12a.o ABSOLUTE
    ../clib/microlib/init/entry.s            0x00000000   Number         0  entry12b.o ABSOLUTE
    ..\..\common\system_hc32l021.c           0x00000000   Number         0  system_hc32l021.o ABSOLUTE
    ..\\..\\common\\system_hc32l021.c        0x00000000   Number         0  system_hc32l021.o ABSOLUTE
    ..\source\main.c                         0x00000000   Number         0  main.o ABSOLUTE
    dc.s                                     0x00000000   Number         0  dc.o ABSOLUTE
    handlers.s                               0x00000000   Number         0  handlers.o ABSOLUTE
    init.s                                   0x00000000   Number         0  init.o ABSOLUTE
    startup_hc32l021.s                       0x00000000   Number         0  startup_hc32l021.o ABSOLUTE
    .ARM.Collect$$$$00000000                 0x000000c0   Section        0  entry.o(.ARM.Collect$$$$00000000)
    .ARM.Collect$$$$00000001                 0x000000c0   Section        4  entry2.o(.ARM.Collect$$$$00000001)
    .ARM.Collect$$$$00000004                 0x000000c4   Section        4  entry5.o(.ARM.Collect$$$$00000004)
    .ARM.Collect$$$$00000008                 0x000000c8   Section        0  entry7b.o(.ARM.Collect$$$$00000008)
    .ARM.Collect$$$$0000000A                 0x000000c8   Section        0  entry8b.o(.ARM.Collect$$$$0000000A)
    .ARM.Collect$$$$0000000B                 0x000000c8   Section        8  entry9a.o(.ARM.Collect$$$$0000000B)
    .ARM.Collect$$$$0000000E                 0x000000d0   Section        4  entry12b.o(.ARM.Collect$$$$0000000E)
    .ARM.Collect$$$$0000000F                 0x000000d4   Section        0  entry10a.o(.ARM.Collect$$$$0000000F)
    .ARM.Collect$$$$00000011                 0x000000d4   Section        0  entry11a.o(.ARM.Collect$$$$00000011)
    .ARM.Collect$$$$00002712                 0x000000d4   Section        4  entry2.o(.ARM.Collect$$$$00002712)
    __lit__00000000                          0x000000d4   Data           4  entry2.o(.ARM.Collect$$$$00002712)
    .text                                    0x000000d8   Section       60  startup_hc32l021.o(.text)
    .text                                    0x00000114   Section       36  init.o(.text)
    i.$Sub$$main                             0x00000138   Section        0  system_hc32l021.o(i.$Sub$$main)
    i.SystemInit                             0x00000148   Section        0  system_hc32l021.o(i.SystemInit)
    i.__scatterload_copy                     0x00000178   Section       14  handlers.o(i.__scatterload_copy)
    i.__scatterload_null                     0x00000186   Section        2  handlers.o(i.__scatterload_null)
    i.__scatterload_zeroinit                 0x00000188   Section       14  handlers.o(i.__scatterload_zeroinit)
    i.main                                   0x00000196   Section        0  main.o(i.main)
    STACK                                    0x20000000   Section     1024  startup_hc32l021.o(STACK)

    Global Symbols

    Symbol Name                              Value     Ov Type        Size  Object(Section)

    BuildAttributes$$THM_ISAv3M$S$PE$A:L22$X:L11$S22$IEEE1$IW$USESV6$~STKCKD$USESV7$~SHL$OSPACE$EBA8$MICROLIB$REQ8$PRES8$EABIv2 0x00000000   Number         0  anon$$obj.o ABSOLUTE
    __ARM_use_no_argv                        0x00000000   Number         0  main.o ABSOLUTE
    __Vectors                                0x00000000   Data           0  startup_hc32l021.o(RESET)
    __arm_fini_                               - Undefined Weak Reference
    __cpp_initialize__aeabi_                  - Undefined Weak Reference
    __cxa_finalize                            - Undefined Weak Reference
    __decompress                              - Undefined Weak Reference
    _clock_init                               - Undefined Weak Reference
    _microlib_exit                            - Undefined Weak Reference
    __Vectors_End                            0x000000c0   Data           0  startup_hc32l021.o(RESET)
    __Vectors_Size                           0x000000c0   Number         0  startup_hc32l021.o ABSOLUTE
    __main                                   0x000000c1   Thumb Code     0  entry.o(.ARM.Collect$$$$00000000)
    _main_stk                                0x000000c1   Thumb Code     0  entry2.o(.ARM.Collect$$$$00000001)
    _main_scatterload                        0x000000c5   Thumb Code     0  entry5.o(.ARM.Collect$$$$00000004)
    __main_after_scatterload                 0x000000c9   Thumb Code     0  entry5.o(.ARM.Collect$$$$00000004)
    _main_clock                              0x000000c9   Thumb Code     0  entry7b.o(.ARM.Collect$$$$00000008)
    _main_cpp_init                           0x000000c9   Thumb Code     0  entry8b.o(.ARM.Collect$$$$0000000A)
    _main_init                               0x000000c9   Thumb Code     0  entry9a.o(.ARM.Collect$$$$0000000B)
    __rt_lib_shutdown_fini                   0x000000d1   Thumb Code     0  entry12b.o(.ARM.Collect$$$$0000000E)
    __rt_final_cpp                           0x000000d5   Thumb Code     0  entry10a.o(.ARM.Collect$$$$0000000F)
    __rt_final_exit                          0x000000d5   Thumb Code     0  entry11a.o(.ARM.Collect$$$$00000011)
    Reset_Handler                            0x000000d9   Thumb Code    26  startup_hc32l021.o(.text)
    NMI_Handler                              0x000000f3   Thumb Code     2  startup_hc32l021.o(.text)
    HardFault_Handler                        0x000000f5   Thumb Code     2  startup_hc32l021.o(.text)
    SVC_Handler                              0x000000f7   Thumb Code     2  startup_hc32l021.o(.text)
    PendSV_Handler                           0x000000f9   Thumb Code     2  startup_hc32l021.o(.text)
    SysTick_Handler                          0x000000fb   Thumb Code     2  startup_hc32l021.o(.text)
    ADC_IRQHandler                           0x000000fd   Thumb Code     0  startup_hc32l021.o(.text)
    ATIM3_IRQHandler                         0x000000fd   Thumb Code     0  startup_hc32l021.o(.text)
    CTIM0_IRQHandler                         0x000000fd   Thumb Code     0  startup_hc32l021.o(.text)
    CTIM1_IRQHandler                         0x000000fd   Thumb Code     0  startup_hc32l021.o(.text)
    CTRIM_CLKDET_IRQHandler                  0x000000fd   Thumb Code     0  startup_hc32l021.o(.text)
    FLASH_IRQHandler                         0x000000fd   Thumb Code     0  startup_hc32l021.o(.text)
    HSI2C_IRQHandler                         0x000000fd   Thumb Code     0  startup_hc32l021.o(.text)
    IWDT_IRQHandler                          0x000000fd   Thumb Code     0  startup_hc32l021.o(.text)
    LPUART0_IRQHandler                       0x000000fd   Thumb Code     0  startup_hc32l021.o(.text)
    LPUART1_IRQHandler                       0x000000fd   Thumb Code     0  startup_hc32l021.o(.text)
    LVD_IRQHandler                           0x000000fd   Thumb Code     0  startup_hc32l021.o(.text)
    PORTA_IRQHandler                         0x000000fd   Thumb Code     0  startup_hc32l021.o(.text)
    PORTB_IRQHandler                         0x000000fd   Thumb Code     0  startup_hc32l021.o(.text)
    RTC_IRQHandler                           0x000000fd   Thumb Code     0  startup_hc32l021.o(.text)
    SPI_IRQHandler                           0x000000fd   Thumb Code     0  startup_hc32l021.o(.text)
    VC0_IRQHandler                           0x000000fd   Thumb Code     0  startup_hc32l021.o(.text)
    VC1_IRQHandler                           0x000000fd   Thumb Code     0  startup_hc32l021.o(.text)
    __scatterload                            0x00000115   Thumb Code    28  init.o(.text)
    __scatterload_rt2                        0x00000115   Thumb Code     0  init.o(.text)
    main                                     0x00000139   Thumb Code    14  system_hc32l021.o(i.$Sub$$main)
    SystemInit                               0x00000149   Thumb Code    28  system_hc32l021.o(i.SystemInit)
    __scatterload_copy                       0x00000179   Thumb Code    14  handlers.o(i.__scatterload_copy)
    __scatterload_null                       0x00000187   Thumb Code     2  handlers.o(i.__scatterload_null)
    __scatterload_zeroinit                   0x00000189   Thumb Code    14  handlers.o(i.__scatterload_zeroinit)
    $Super$$main                             0x00000197   Thumb Code     2  main.o(i.main)
    Region$$Table$$Base                      0x00000198   Number         0  anon$$obj.o(Region$$Table)
    Region$$Table$$Limit                     0x000001a8   Number         0  anon$$obj.o(Region$$Table)
    __initial_sp                             0x20000400   Data           0  startup_hc32l021.o(STACK)



==============================================================================

Memory Map of the image

  Image Entry point : 0x000000c1

  Load Region LR_IROM1 (Base: 0x00000000, Size: 0x000001a8, Max: 0x00010000, ABSOLUTE)

    Execution Region ER_IROM1 (Exec base: 0x00000000, Load base: 0x00000000, Size: 0x000001a8, Max: 0x00010000, ABSOLUTE)

    Exec Addr    Load Addr    Size         Type   Attr      Idx    E Section Name        Object

    0x00000000   0x00000000   0x000000c0   Data   RO           61    RESET               startup_hc32l021.o
    0x000000c0   0x000000c0   0x00000000   Code   RO           75  * .ARM.Collect$$$$00000000  mc_p.l(entry.o)
    0x000000c0   0x000000c0   0x00000004   Code   RO           78    .ARM.Collect$$$$00000001  mc_p.l(entry2.o)
    0x000000c4   0x000000c4   0x00000004   Code   RO           81    .ARM.Collect$$$$00000004  mc_p.l(entry5.o)
    0x000000c8   0x000000c8   0x00000000   Code   RO           83    .ARM.Collect$$$$00000008  mc_p.l(entry7b.o)
    0x000000c8   0x000000c8   0x00000000   Code   RO           85    .ARM.Collect$$$$0000000A  mc_p.l(entry8b.o)
    0x000000c8   0x000000c8   0x00000008   Code   RO           86    .ARM.Collect$$$$0000000B  mc_p.l(entry9a.o)
    0x000000d0   0x000000d0   0x00000004   Code   RO           93    .ARM.Collect$$$$0000000E  mc_p.l(entry12b.o)
    0x000000d4   0x000000d4   0x00000000   Code   RO           88    .ARM.Collect$$$$0000000F  mc_p.l(entry10a.o)
    0x000000d4   0x000000d4   0x00000000   Code   RO           90    .ARM.Collect$$$$00000011  mc_p.l(entry11a.o)
    0x000000d4   0x000000d4   0x00000004   Code   RO           79    .ARM.Collect$$$$00002712  mc_p.l(entry2.o)
    0x000000d8   0x000000d8   0x0000003c   Code   RO           62    .text               startup_hc32l021.o
    0x00000114   0x00000114   0x00000024   Code   RO           94    .text               mc_p.l(init.o)
    0x00000138   0x00000138   0x0000000e   Code   RO            3    i.$Sub$$main        system_hc32l021.o
    0x00000146   0x00000146   0x00000002   PAD
    0x00000148   0x00000148   0x00000030   Code   RO            5    i.SystemInit        system_hc32l021.o
    0x00000178   0x00000178   0x0000000e   Code   RO           98    i.__scatterload_copy  mc_p.l(handlers.o)
    0x00000186   0x00000186   0x00000002   Code   RO           99    i.__scatterload_null  mc_p.l(handlers.o)
    0x00000188   0x00000188   0x0000000e   Code   RO          100    i.__scatterload_zeroinit  mc_p.l(handlers.o)
    0x00000196   0x00000196   0x00000002   Code   RO           66    i.main              main.o
    0x00000198   0x00000198   0x00000010   Data   RO           96    Region$$Table       anon$$obj.o


    Execution Region RW_IRAM1 (Exec base: 0x20000000, Load base: 0x000001a8, Size: 0x00000400, Max: 0x00001800, ABSOLUTE)

    Exec Addr    Load Addr    Size         Type   Attr      Idx    E Section Name        Object

    0x20000000        -       0x00000400   Zero   RW           59    STACK               startup_hc32l021.o


==============================================================================

Image component sizes


      Code (inc. data)   RO Data    RW Data    ZI Data      Debug   Object Name

         2          0          0          0          0        455   main.o
        60         22        192          0       1024        652   startup_hc32l021.o
        62         20          0          0          0       2964   system_hc32l021.o

    ----------------------------------------------------------------------
       126         42        208          0       1024       4071   Object Totals
         0          0         16          0          0          0   (incl. Generated)
         2          0          0          0          0          0   (incl. Padding)

    ----------------------------------------------------------------------

      Code (inc. data)   RO Data    RW Data    ZI Data      Debug   Library Member Name

         0          0          0          0          0          0   entry.o
         0          0          0          0          0          0   entry10a.o
         0          0          0          0          0          0   entry11a.o
         4          0          0          0          0          0   entry12b.o
         8          4          0          0          0          0   entry2.o
         4          0          0          0          0          0   entry5.o
         0          0          0          0          0          0   entry7b.o
         0          0          0          0          0          0   entry8b.o
         8          4          0          0          0          0   entry9a.o
        30          0          0          0          0          0   handlers.o
        36          8          0          0          0         68   init.o

    ----------------------------------------------------------------------
        90         16          0          0          0         68   Library Totals
         0          0          0          0          0          0   (incl. Padding)

    ----------------------------------------------------------------------

      Code (inc. data)   RO Data    RW Data    ZI Data      Debug   Library Name

        90         16          0          0          0         68   mc_p.l

    ----------------------------------------------------------------------
        90         16          0          0          0         68   Library Totals

    ----------------------------------------------------------------------

==============================================================================


      Code (inc. data)   RO Data    RW Data    ZI Data      Debug   

       216         58        208          0       1024       4291   Grand Totals
       216         58        208          0       1024       4291   ELF Image Totals
       216         58        208          0          0          0   ROM Totals

==============================================================================

    Total RO  Size (Code + RO Data)                  424 (   0.41kB)
    Total RW  Size (RW Data + ZI Data)              1024 (   1.00kB)
    Total ROM Size (Code + RO Data + RW Data)        424 (   0.41kB)

==============================================================================

