<!doctype html public "-//w3c//dtd html 4.0 transitional//en">
<html><head>
<title>Static Call Graph - [.\output\release\HC32L021.axf]</title></head>
<body><HR>
<H1>Static Call Graph for image .\output\release\HC32L021.axf</H1><HR>
<BR><P>#&#060CALLGRAPH&#062# ARM Linker, 5060960: Last Updated: Tue Jun 24 13:42:18 2025
<BR><P>
<H3>Maximum Stack Usage =          8 bytes + Unknown(Cycles, Untraceable Function Pointers)</H3><H3>
Call chain for Maximum Stack Depth:</H3>
main
<P>
<H3>
Mutually Recursive functions
</H3> <LI><a href="#[1]">NMI_Handler</a>&nbsp;&nbsp;&nbsp;&rArr;&nbsp;&nbsp;&nbsp;<a href="#[1]">NMI_Handler</a><BR>
 <LI><a href="#[2]">HardFault_Handler</a>&nbsp;&nbsp;&nbsp;&rArr;&nbsp;&nbsp;&nbsp;<a href="#[2]">HardFault_Handler</a><BR>
 <LI><a href="#[3]">SVC_Handler</a>&nbsp;&nbsp;&nbsp;&rArr;&nbsp;&nbsp;&nbsp;<a href="#[3]">SVC_Handler</a><BR>
 <LI><a href="#[4]">PendSV_Handler</a>&nbsp;&nbsp;&nbsp;&rArr;&nbsp;&nbsp;&nbsp;<a href="#[4]">PendSV_Handler</a><BR>
 <LI><a href="#[5]">SysTick_Handler</a>&nbsp;&nbsp;&nbsp;&rArr;&nbsp;&nbsp;&nbsp;<a href="#[5]">SysTick_Handler</a><BR>
 <LI><a href="#[11]">ADC_IRQHandler</a>&nbsp;&nbsp;&nbsp;&rArr;&nbsp;&nbsp;&nbsp;<a href="#[11]">ADC_IRQHandler</a><BR>
 <LI><a href="#[1f]">$Super$$main</a>&nbsp;&nbsp;&nbsp;&rArr;&nbsp;&nbsp;&nbsp;<a href="#[1f]">$Super$$main</a><BR>
</UL>
<P>
<H3>
Function Pointers
</H3><UL>
 <LI><a href="#[11]">ADC_IRQHandler</a> from startup_hc32l021.o(.text) referenced from startup_hc32l021.o(RESET)
 <LI><a href="#[8]">ATIM3_IRQHandler</a> from startup_hc32l021.o(.text) referenced from startup_hc32l021.o(RESET)
 <LI><a href="#[c]">CTIM0_IRQHandler</a> from startup_hc32l021.o(.text) referenced from startup_hc32l021.o(RESET)
 <LI><a href="#[d]">CTIM1_IRQHandler</a> from startup_hc32l021.o(.text) referenced from startup_hc32l021.o(RESET)
 <LI><a href="#[16]">CTRIM_CLKDET_IRQHandler</a> from startup_hc32l021.o(.text) referenced from startup_hc32l021.o(RESET)
 <LI><a href="#[15]">FLASH_IRQHandler</a> from startup_hc32l021.o(.text) referenced from startup_hc32l021.o(RESET)
 <LI><a href="#[e]">HSI2C_IRQHandler</a> from startup_hc32l021.o(.text) referenced from startup_hc32l021.o(RESET)
 <LI><a href="#[2]">HardFault_Handler</a> from startup_hc32l021.o(.text) referenced from startup_hc32l021.o(RESET)
 <LI><a href="#[f]">IWDT_IRQHandler</a> from startup_hc32l021.o(.text) referenced from startup_hc32l021.o(RESET)
 <LI><a href="#[9]">LPUART0_IRQHandler</a> from startup_hc32l021.o(.text) referenced from startup_hc32l021.o(RESET)
 <LI><a href="#[a]">LPUART1_IRQHandler</a> from startup_hc32l021.o(.text) referenced from startup_hc32l021.o(RESET)
 <LI><a href="#[14]">LVD_IRQHandler</a> from startup_hc32l021.o(.text) referenced from startup_hc32l021.o(RESET)
 <LI><a href="#[1]">NMI_Handler</a> from startup_hc32l021.o(.text) referenced from startup_hc32l021.o(RESET)
 <LI><a href="#[6]">PORTA_IRQHandler</a> from startup_hc32l021.o(.text) referenced from startup_hc32l021.o(RESET)
 <LI><a href="#[7]">PORTB_IRQHandler</a> from startup_hc32l021.o(.text) referenced from startup_hc32l021.o(RESET)
 <LI><a href="#[4]">PendSV_Handler</a> from startup_hc32l021.o(.text) referenced from startup_hc32l021.o(RESET)
 <LI><a href="#[10]">RTC_IRQHandler</a> from startup_hc32l021.o(.text) referenced from startup_hc32l021.o(RESET)
 <LI><a href="#[0]">Reset_Handler</a> from startup_hc32l021.o(.text) referenced from startup_hc32l021.o(RESET)
 <LI><a href="#[b]">SPI_IRQHandler</a> from startup_hc32l021.o(.text) referenced from startup_hc32l021.o(RESET)
 <LI><a href="#[3]">SVC_Handler</a> from startup_hc32l021.o(.text) referenced from startup_hc32l021.o(RESET)
 <LI><a href="#[5]">SysTick_Handler</a> from startup_hc32l021.o(.text) referenced from startup_hc32l021.o(RESET)
 <LI><a href="#[18]">SystemInit</a> from system_hc32l021.o(i.SystemInit) referenced from startup_hc32l021.o(.text)
 <LI><a href="#[12]">VC0_IRQHandler</a> from startup_hc32l021.o(.text) referenced from startup_hc32l021.o(RESET)
 <LI><a href="#[13]">VC1_IRQHandler</a> from startup_hc32l021.o(.text) referenced from startup_hc32l021.o(RESET)
 <LI><a href="#[19]">__main</a> from entry.o(.ARM.Collect$$$$00000000) referenced from startup_hc32l021.o(.text)
 <LI><a href="#[17]">main</a> from system_hc32l021.o(i.$Sub$$main) referenced from entry9a.o(.ARM.Collect$$$$0000000B)
</UL>
<P>
<H3>
Global Symbols
</H3>
<P><STRONG><a name="[19]"></a>__main</STRONG> (Thumb, 0 bytes, Stack size unknown bytes, entry.o(.ARM.Collect$$$$00000000))
<BR>[Address Reference Count : 1]<UL><LI> startup_hc32l021.o(.text)
</UL>
<P><STRONG><a name="[20]"></a>_main_stk</STRONG> (Thumb, 0 bytes, Stack size unknown bytes, entry2.o(.ARM.Collect$$$$00000001))

<P><STRONG><a name="[1a]"></a>_main_scatterload</STRONG> (Thumb, 0 bytes, Stack size unknown bytes, entry5.o(.ARM.Collect$$$$00000004))
<BR><BR>[Calls]<UL><LI><a href="#[1b]">&gt;&gt;</a>&nbsp;&nbsp;&nbsp;__scatterload
</UL>

<P><STRONG><a name="[1e]"></a>__main_after_scatterload</STRONG> (Thumb, 0 bytes, Stack size unknown bytes, entry5.o(.ARM.Collect$$$$00000004))
<BR><BR>[Called By]<UL><LI><a href="#[1b]">&gt;&gt;</a>&nbsp;&nbsp;&nbsp;__scatterload
</UL>

<P><STRONG><a name="[21]"></a>_main_clock</STRONG> (Thumb, 0 bytes, Stack size unknown bytes, entry7b.o(.ARM.Collect$$$$00000008))

<P><STRONG><a name="[22]"></a>_main_cpp_init</STRONG> (Thumb, 0 bytes, Stack size unknown bytes, entry8b.o(.ARM.Collect$$$$0000000A))

<P><STRONG><a name="[23]"></a>_main_init</STRONG> (Thumb, 0 bytes, Stack size unknown bytes, entry9a.o(.ARM.Collect$$$$0000000B))

<P><STRONG><a name="[1c]"></a>__rt_lib_shutdown_fini</STRONG> (Thumb, 0 bytes, Stack size unknown bytes, entry12b.o(.ARM.Collect$$$$0000000E))
<BR><BR>[Calls]<UL><LI><a href="#[1d]">&gt;&gt;</a>&nbsp;&nbsp;&nbsp;__arm_fini_ (Weak Reference)
</UL>

<P><STRONG><a name="[24]"></a>__rt_final_cpp</STRONG> (Thumb, 0 bytes, Stack size unknown bytes, entry10a.o(.ARM.Collect$$$$0000000F))

<P><STRONG><a name="[25]"></a>__rt_final_exit</STRONG> (Thumb, 0 bytes, Stack size unknown bytes, entry11a.o(.ARM.Collect$$$$00000011))

<P><STRONG><a name="[0]"></a>Reset_Handler</STRONG> (Thumb, 26 bytes, Stack size 0 bytes, startup_hc32l021.o(.text))
<BR>[Address Reference Count : 1]<UL><LI> startup_hc32l021.o(RESET)
</UL>
<P><STRONG><a name="[1]"></a>NMI_Handler</STRONG> (Thumb, 2 bytes, Stack size 0 bytes, startup_hc32l021.o(.text))
<BR><BR>[Calls]<UL><LI><a href="#[1]">&gt;&gt;</a>&nbsp;&nbsp;&nbsp;NMI_Handler
</UL>
<BR>[Called By]<UL><LI><a href="#[1]">&gt;&gt;</a>&nbsp;&nbsp;&nbsp;NMI_Handler
</UL>
<BR>[Address Reference Count : 1]<UL><LI> startup_hc32l021.o(RESET)
</UL>
<P><STRONG><a name="[2]"></a>HardFault_Handler</STRONG> (Thumb, 2 bytes, Stack size 0 bytes, startup_hc32l021.o(.text))
<BR><BR>[Calls]<UL><LI><a href="#[2]">&gt;&gt;</a>&nbsp;&nbsp;&nbsp;HardFault_Handler
</UL>
<BR>[Called By]<UL><LI><a href="#[2]">&gt;&gt;</a>&nbsp;&nbsp;&nbsp;HardFault_Handler
</UL>
<BR>[Address Reference Count : 1]<UL><LI> startup_hc32l021.o(RESET)
</UL>
<P><STRONG><a name="[3]"></a>SVC_Handler</STRONG> (Thumb, 2 bytes, Stack size 0 bytes, startup_hc32l021.o(.text))
<BR><BR>[Calls]<UL><LI><a href="#[3]">&gt;&gt;</a>&nbsp;&nbsp;&nbsp;SVC_Handler
</UL>
<BR>[Called By]<UL><LI><a href="#[3]">&gt;&gt;</a>&nbsp;&nbsp;&nbsp;SVC_Handler
</UL>
<BR>[Address Reference Count : 1]<UL><LI> startup_hc32l021.o(RESET)
</UL>
<P><STRONG><a name="[4]"></a>PendSV_Handler</STRONG> (Thumb, 2 bytes, Stack size 0 bytes, startup_hc32l021.o(.text))
<BR><BR>[Calls]<UL><LI><a href="#[4]">&gt;&gt;</a>&nbsp;&nbsp;&nbsp;PendSV_Handler
</UL>
<BR>[Called By]<UL><LI><a href="#[4]">&gt;&gt;</a>&nbsp;&nbsp;&nbsp;PendSV_Handler
</UL>
<BR>[Address Reference Count : 1]<UL><LI> startup_hc32l021.o(RESET)
</UL>
<P><STRONG><a name="[5]"></a>SysTick_Handler</STRONG> (Thumb, 2 bytes, Stack size 0 bytes, startup_hc32l021.o(.text))
<BR><BR>[Calls]<UL><LI><a href="#[5]">&gt;&gt;</a>&nbsp;&nbsp;&nbsp;SysTick_Handler
</UL>
<BR>[Called By]<UL><LI><a href="#[5]">&gt;&gt;</a>&nbsp;&nbsp;&nbsp;SysTick_Handler
</UL>
<BR>[Address Reference Count : 1]<UL><LI> startup_hc32l021.o(RESET)
</UL>
<P><STRONG><a name="[11]"></a>ADC_IRQHandler</STRONG> (Thumb, 0 bytes, Stack size 0 bytes, startup_hc32l021.o(.text))
<BR><BR>[Calls]<UL><LI><a href="#[11]">&gt;&gt;</a>&nbsp;&nbsp;&nbsp;ADC_IRQHandler
</UL>
<BR>[Called By]<UL><LI><a href="#[11]">&gt;&gt;</a>&nbsp;&nbsp;&nbsp;ADC_IRQHandler
</UL>
<BR>[Address Reference Count : 1]<UL><LI> startup_hc32l021.o(RESET)
</UL>
<P><STRONG><a name="[8]"></a>ATIM3_IRQHandler</STRONG> (Thumb, 0 bytes, Stack size 0 bytes, startup_hc32l021.o(.text))
<BR>[Address Reference Count : 1]<UL><LI> startup_hc32l021.o(RESET)
</UL>
<P><STRONG><a name="[c]"></a>CTIM0_IRQHandler</STRONG> (Thumb, 0 bytes, Stack size 0 bytes, startup_hc32l021.o(.text))
<BR>[Address Reference Count : 1]<UL><LI> startup_hc32l021.o(RESET)
</UL>
<P><STRONG><a name="[d]"></a>CTIM1_IRQHandler</STRONG> (Thumb, 0 bytes, Stack size 0 bytes, startup_hc32l021.o(.text))
<BR>[Address Reference Count : 1]<UL><LI> startup_hc32l021.o(RESET)
</UL>
<P><STRONG><a name="[16]"></a>CTRIM_CLKDET_IRQHandler</STRONG> (Thumb, 0 bytes, Stack size 0 bytes, startup_hc32l021.o(.text))
<BR>[Address Reference Count : 1]<UL><LI> startup_hc32l021.o(RESET)
</UL>
<P><STRONG><a name="[15]"></a>FLASH_IRQHandler</STRONG> (Thumb, 0 bytes, Stack size 0 bytes, startup_hc32l021.o(.text))
<BR>[Address Reference Count : 1]<UL><LI> startup_hc32l021.o(RESET)
</UL>
<P><STRONG><a name="[e]"></a>HSI2C_IRQHandler</STRONG> (Thumb, 0 bytes, Stack size 0 bytes, startup_hc32l021.o(.text))
<BR>[Address Reference Count : 1]<UL><LI> startup_hc32l021.o(RESET)
</UL>
<P><STRONG><a name="[f]"></a>IWDT_IRQHandler</STRONG> (Thumb, 0 bytes, Stack size 0 bytes, startup_hc32l021.o(.text))
<BR>[Address Reference Count : 1]<UL><LI> startup_hc32l021.o(RESET)
</UL>
<P><STRONG><a name="[9]"></a>LPUART0_IRQHandler</STRONG> (Thumb, 0 bytes, Stack size 0 bytes, startup_hc32l021.o(.text))
<BR>[Address Reference Count : 1]<UL><LI> startup_hc32l021.o(RESET)
</UL>
<P><STRONG><a name="[a]"></a>LPUART1_IRQHandler</STRONG> (Thumb, 0 bytes, Stack size 0 bytes, startup_hc32l021.o(.text))
<BR>[Address Reference Count : 1]<UL><LI> startup_hc32l021.o(RESET)
</UL>
<P><STRONG><a name="[14]"></a>LVD_IRQHandler</STRONG> (Thumb, 0 bytes, Stack size 0 bytes, startup_hc32l021.o(.text))
<BR>[Address Reference Count : 1]<UL><LI> startup_hc32l021.o(RESET)
</UL>
<P><STRONG><a name="[6]"></a>PORTA_IRQHandler</STRONG> (Thumb, 0 bytes, Stack size 0 bytes, startup_hc32l021.o(.text))
<BR>[Address Reference Count : 1]<UL><LI> startup_hc32l021.o(RESET)
</UL>
<P><STRONG><a name="[7]"></a>PORTB_IRQHandler</STRONG> (Thumb, 0 bytes, Stack size 0 bytes, startup_hc32l021.o(.text))
<BR>[Address Reference Count : 1]<UL><LI> startup_hc32l021.o(RESET)
</UL>
<P><STRONG><a name="[10]"></a>RTC_IRQHandler</STRONG> (Thumb, 0 bytes, Stack size 0 bytes, startup_hc32l021.o(.text))
<BR>[Address Reference Count : 1]<UL><LI> startup_hc32l021.o(RESET)
</UL>
<P><STRONG><a name="[b]"></a>SPI_IRQHandler</STRONG> (Thumb, 0 bytes, Stack size 0 bytes, startup_hc32l021.o(.text))
<BR>[Address Reference Count : 1]<UL><LI> startup_hc32l021.o(RESET)
</UL>
<P><STRONG><a name="[12]"></a>VC0_IRQHandler</STRONG> (Thumb, 0 bytes, Stack size 0 bytes, startup_hc32l021.o(.text))
<BR>[Address Reference Count : 1]<UL><LI> startup_hc32l021.o(RESET)
</UL>
<P><STRONG><a name="[13]"></a>VC1_IRQHandler</STRONG> (Thumb, 0 bytes, Stack size 0 bytes, startup_hc32l021.o(.text))
<BR>[Address Reference Count : 1]<UL><LI> startup_hc32l021.o(RESET)
</UL>
<P><STRONG><a name="[1b]"></a>__scatterload</STRONG> (Thumb, 28 bytes, Stack size 0 bytes, init.o(.text))
<BR><BR>[Calls]<UL><LI><a href="#[1e]">&gt;&gt;</a>&nbsp;&nbsp;&nbsp;__main_after_scatterload
</UL>
<BR>[Called By]<UL><LI><a href="#[1a]">&gt;&gt;</a>&nbsp;&nbsp;&nbsp;_main_scatterload
</UL>

<P><STRONG><a name="[26]"></a>__scatterload_rt2</STRONG> (Thumb, 0 bytes, Stack size 0 bytes, init.o(.text), UNUSED)

<P><STRONG><a name="[17]"></a>main</STRONG> (Thumb, 14 bytes, Stack size 8 bytes, system_hc32l021.o(i.$Sub$$main))
<BR><BR>[Stack]<UL><LI>Max Depth = 8<LI>Call Chain = main
</UL>
<BR>[Calls]<UL><LI><a href="#[1f]">&gt;&gt;</a>&nbsp;&nbsp;&nbsp;$Super$$main
<LI><a href="#[18]">&gt;&gt;</a>&nbsp;&nbsp;&nbsp;SystemInit
</UL>
<BR>[Address Reference Count : 1]<UL><LI> entry9a.o(.ARM.Collect$$$$0000000B)
</UL>
<P><STRONG><a name="[18]"></a>SystemInit</STRONG> (Thumb, 28 bytes, Stack size 0 bytes, system_hc32l021.o(i.SystemInit))
<BR><BR>[Called By]<UL><LI><a href="#[17]">&gt;&gt;</a>&nbsp;&nbsp;&nbsp;main
</UL>
<BR>[Address Reference Count : 1]<UL><LI> startup_hc32l021.o(.text)
</UL>
<P><STRONG><a name="[27]"></a>__scatterload_copy</STRONG> (Thumb, 14 bytes, Stack size unknown bytes, handlers.o(i.__scatterload_copy), UNUSED)

<P><STRONG><a name="[28]"></a>__scatterload_null</STRONG> (Thumb, 2 bytes, Stack size unknown bytes, handlers.o(i.__scatterload_null), UNUSED)

<P><STRONG><a name="[29]"></a>__scatterload_zeroinit</STRONG> (Thumb, 14 bytes, Stack size unknown bytes, handlers.o(i.__scatterload_zeroinit), UNUSED)

<P><STRONG><a name="[1f]"></a>$Super$$main</STRONG> (Thumb, 2 bytes, Stack size 0 bytes, main.o(i.main))
<BR><BR>[Calls]<UL><LI><a href="#[1f]">&gt;&gt;</a>&nbsp;&nbsp;&nbsp;$Super$$main
</UL>
<BR>[Called By]<UL><LI><a href="#[1f]">&gt;&gt;</a>&nbsp;&nbsp;&nbsp;$Super$$main
<LI><a href="#[17]">&gt;&gt;</a>&nbsp;&nbsp;&nbsp;main
</UL>
<P>
<H3>
Local Symbols
</H3><P>
<H3>
Undefined Global Symbols
</H3>
<P><STRONG><a name="[1d]"></a>__arm_fini_</STRONG> (Unknown, 0 bytes, Stack size 0 bytes, UNDEFINED)
<BR><BR>[Called By]<UL><LI><a href="#[1c]">&gt;&gt;</a>&nbsp;&nbsp;&nbsp;__rt_lib_shutdown_fini
</UL>
<HR></body></html>
